tempo handler tail (0535-0570):
  0535: 07 83 EF 14 90 E2 F3 C3 C6 06 F0 00 00 C6 45 10
  0545: 02 90 02 DB 32 FF 81 C3 E3 55 8B 1F C6 45 13 00
  0555: 90 E9 45 FC 52 8B 16 A3 08 EE EC EC EC EC EC EC
  0565: EC EC EC EC EC EC 8A C4 42 EE EC EC EC EC EC EC
ch4+ voice table / tempo table (54E3-5620):
  54E3: C9 E9 05 06 00 01 01 00 19 02 7F 00 00 00 00 00
  54F3: 99 89 36 47 22 21 03 00 08 00 7F 00 00 00 00 00
  5503: 99 59 06 07 02 03 01 02 30 0B 7F 00 00 00 00 00
  5513: E9 D9 07 07 01 07 02 00 18 07 73 0C 00 00 00 00
  5523: 39 69 06 05 01 03 02 00 10 0A 7D 02 00 00 00 00
  5533: D8 78 05 05 01 01 02 02 16 0F 7F 00 00 00 00 00
  5543: E8 E9 07 07 01 01 00 00 0A 0C 7F 00 00 00 00 00
  5553: 39 79 04 04 01 01 03 00 00 0E 7F 00 00 00 00 00
  5563: E9 E9 07 07 03 05 00 02 30 0D 7F 00 00 00 00 00
  5573: 69 59 04 05 00 00 00 00 00 0E 7F 00 00 00 00 00
  5583: 99 B9 0A 07 02 06 00 00 20 08 7F 00 00 00 00 00
  5593: 49 49 04 05 01 05 02 00 00 0C 7F 00 00 00 00 00
  55A3: E9 79 03 07 01 0F 01 00 03 00 7F 00 00 00 00 00
  55B3: 75 74 05 05 01 0F 00 00 20 08 7F 00 00 00 00 00
  55C3: 88 98 03 05 0F 08 00 02 FC 0E 7F 00 00 00 00 00
  55D3: EA EA 0B 0B 02 02 02 01 3D 01 7F 00 00 00 00 00
  55E3: 00 00 09 56 0D 56 15 56 21 56 25 56 31 56 35 56
  55F3: 39 56 3D 56 45 56 49 56 4E 56 52 56 57 56 5B 56
  5603: 61 56 65 56 69 56 C1 F7 00 85 C2 E7 00 86 82 86
  5613: 82 85 C3 E5 86 04 81 81 86 00 87 02 82 85 C4 ED
tunes list + tune 1 header (0B6C-0BC0):
  0B6C: 01 00 98 0B 8A 0E 4C 11 25 14 2F 17 5C 1C 1B 20
  0B7C: 27 26 76 2B 0D 2F C5 36 C8 3B 40 3F 73 41 87 43
  0B8C: C7 46 9B 49 37 4C B3 4E 6D 50 37 53 00 44 8C 02
  0B9C: 07 04 38 00 52 00 6C 00 86 00 D7 00 02 01 02 01
  0BAC: 39 01 39 01 70 01 70 01 A0 00 A0 00 39 01 39 01
  0BBC: 00 00 38 00 E9 01 28 02 28 02 33 02 33 02 33 02

tune 1 header 0x0B98: 00 44 8C 02 07 04 38 00 52 00 6C 00 86 00 D7 00 02 01 02 01 39 01 39 01

tunes[0..4] pointers: 0B98 0E8A 114C 1425 172F
