0457 cmp            ax=0000 bx=0000 si=0000 di=0000
045C jnz            ax=0000 bx=0000 si=0000 di=0000
0464 cmp            ax=0000 bx=0000 si=0000 di=0000
0469 jnz            ax=0000 bx=0000 si=0000 di=0000
046B jmp            ax=0000 bx=0000 si=0000 di=0000
019E mov            ax=00C3 bx=5615 si=0000 di=064C
01A0 inc bx         ax=00C3 bx=5616 si=0000 di=064C
01A1 or             ax=00C3 bx=5616 si=0000 di=064C
01A3 js             ax=00C3 bx=5616 si=0000 di=064C
01CE cmp            ax=00C3 bx=5616 si=0000 di=064C
01D0 nop            ax=00C3 bx=5616 si=0000 di=064C
01D1 nop            ax=00C3 bx=5616 si=0000 di=064C
01D2 jae            ax=00C3 bx=5616 si=0000 di=064C
01D4 cmp            ax=00C3 bx=5616 si=0000 di=064C
01D6 nop            ax=00C3 bx=5616 si=0000 di=064C
01D7 nop            ax=00C3 bx=5616 si=0000 di=064C
01D8 jae            ax=00C3 bx=5616 si=0000 di=064C
0248 sub            ax=0003 bx=5616 si=0000 di=064C
024A nop            ax=0003 bx=5616 si=0000 di=064C
024B nop            ax=0003 bx=5616 si=0000 di=064C
024C push bx        ax=0003 bx=5616 si=0000 di=064C
024D mov            ax=0003 bx=5616 si=0000 di=064C
0250 nop            ax=0003 bx=5616 si=0000 di=064C
0251 inc/dec byte   ax=0002 bx=5616 si=0000 di=064C
0253 xor            ax=0002 bx=5616 si=0000 di=064C
0255 add            ax=0004 bx=5616 si=0000 di=064C
0257 add            ax=0008 bx=5616 si=0000 di=064C
0259 add            ax=0010 bx=5616 si=0000 di=064C
025B add            ax=0020 bx=5616 si=0000 di=064C
025D mov            ax=0020 bx=5616 si=0DFA di=064C
0261 cmp            ax=0020 bx=5616 si=0DFA di=064C
0265 jb             ax=0020 bx=5616 si=0DFA di=064C
0267 mov si,imm16   ax=0020 bx=5616 si=54E3 di=064C
026A add            ax=0020 bx=5616 si=5503 di=064C
026C mov            ax=0020 bx=5616 si=5503 di=064C
026F nop            ax=0020 bx=5616 si=5503 di=064C
0270 mov            ax=0020 bx=5616 si=5503 di=064C
0273 nop            ax=0020 bx=5616 si=5503 di=064C
0274 mov            ax=9920 bx=5616 si=5503 di=064C
0276 nop            ax=9920 bx=5616 si=5503 di=064C
0277 nop            ax=9920 bx=5616 si=5503 di=064C
0278 mov            ax=990A bx=5616 si=5503 di=064C
027A add            ax=996A bx=5616 si=5503 di=064C
027C call           ax=996A bx=5616 si=5503 di=064C
027F mov            ax=59FF bx=5616 si=5503 di=064C
0282 nop            ax=59FF bx=5616 si=5503 di=064C
0283 mov            ax=591A bx=5616 si=5503 di=064C
0285 add            ax=597A bx=5616 si=5503 di=064C
0287 call           ax=597A bx=5616 si=5503 di=064C
028A mov            ax=06FF bx=5616 si=5503 di=064C
028D nop            ax=06FF bx=5616 si=5503 di=064C
028E mov            ax=060A bx=5616 si=5503 di=064C
0290 add            ax=068A bx=5616 si=5503 di=064C
0292 call           ax=068A bx=5616 si=5503 di=064C
0295 mov            ax=07FF bx=5616 si=5503 di=064C
0298 nop            ax=07FF bx=5616 si=5503 di=064C
0299 mov            ax=071A bx=5616 si=5503 di=064C
029B add            ax=079A bx=5616 si=5503 di=064C
029D call           ax=079A bx=5616 si=5503 di=064C
02A0 mov            ax=01FF bx=5616 si=5503 di=064C
02A3 nop            ax=01FF bx=5616 si=5503 di=064C
02A4 mov            ax=010A bx=5616 si=5503 di=064C
02A6 add            ax=01EA bx=5616 si=5503 di=064C
02A8 call           ax=01EA bx=5616 si=5503 di=064C
02AB mov            ax=02FF bx=5616 si=5503 di=064C
02AE nop            ax=02FF bx=5616 si=5503 di=064C
02AF mov            ax=021A bx=5616 si=5503 di=064C
02B1 add            ax=02FA bx=5616 si=5503 di=064C
02B3 call           ax=02FA bx=5616 si=5503 di=064C
02B6 mov            ax=0BFF bx=5616 si=5503 di=064C
02B9 nop            ax=0BFF bx=5616 si=5503 di=064C
02BA mov            ax=0B08 bx=5616 si=5503 di=064C
02BD nop            ax=0B08 bx=5616 si=5503 di=064C
02BE add            ax=0BC8 bx=5616 si=5503 di=064C
02C0 call           ax=0BC8 bx=5616 si=5503 di=064C
02C3 mov            ax=02FF bx=5616 si=5503 di=064C
02C6 nop            ax=02FF bx=5616 si=5503 di=064C
02C7 mov            ax=020A bx=5616 si=5503 di=064C
02C9 add            ax=022A bx=5616 si=5503 di=064C
02CB call           ax=022A bx=5616 si=5503 di=064C
02CE mov            ax=03FF bx=5616 si=5503 di=064C
02D1 nop            ax=03FF bx=5616 si=5503 di=064C
02D2 mov            ax=031A bx=5616 si=5503 di=064C
02D4 add            ax=033A bx=5616 si=5503 di=064C
02D6 call           ax=033A bx=5616 si=5503 di=064C
02D9 mov            ax=0330 bx=5616 si=5503 di=064C
02DC nop            ax=0330 bx=5616 si=5503 di=064C
02DD mov            ax=0330 bx=5616 si=5503 di=064C
02E0 nop            ax=0330 bx=5616 si=5503 di=064C
02E1 mov            ax=0330 bx=567F si=5503 di=064C
02E4 nop            ax=0330 bx=567F si=5503 di=064C
02E5 mov            ax=0330 bx=567F si=5503 di=064C
02E8 nop            ax=0330 bx=567F si=5503 di=064C
02E9 xor            ax=0330 bx=007F si=5503 di=064C
02EB and            ax=0330 bx=007F si=5503 di=064C
02EE mov            ax=0030 bx=007F si=5503 di=064C
02F2 mov            ax=0000 bx=007F si=5503 di=064C
02F5 nop            ax=0000 bx=007F si=5503 di=064C
02F6 add            ax=0000 bx=007F si=5503 di=064C
02F8 add            ax=0000 bx=007F si=5503 di=064C
02FA and            ax=0000 bx=007F si=5503 di=064C
02FC or             ax=0000 bx=007F si=5503 di=064C
02FE mov            ax=000A bx=007F si=5503 di=064C
0300 add            ax=004A bx=007F si=5503 di=064C
0302 call           ax=004A bx=007F si=5503 di=064C
0305 mov            ax=00FF bx=0000 si=5503 di=064C
0308 nop            ax=00FF bx=0000 si=5503 di=064C
0309 mov            ax=00FF bx=0000 si=5503 di=064C
030C nop            ax=00FF bx=0000 si=5503 di=064C
030D add            ax=00FF bx=007F si=5503 di=064C
0310 nop            ax=00FF bx=007F si=5503 di=064C
0311 and            ax=00FF bx=007F si=5503 di=064C
0314 xor            ax=00FF bx=007F si=5503 di=064C
0316 mov            ax=00FF bx=007F si=5503 di=064C
031A mov            ax=0000 bx=007F si=5503 di=064C
031D nop            ax=0000 bx=007F si=5503 di=064C
031E ror            ax=0000 bx=007F si=5503 di=064C
0320 ror            ax=0000 bx=007F si=5503 di=064C
0322 and            ax=0000 bx=007F si=5503 di=064C
0324 or             ax=0000 bx=007F si=5503 di=064C
0326 mov            ax=001A bx=007F si=5503 di=064C
0328 add            ax=005A bx=007F si=5503 di=064C
032A call           ax=005A bx=007F si=5503 di=064C
032D mov            ax=0030 bx=007F si=5503 di=064C
0330 nop            ax=0030 bx=007F si=5503 di=064C
0331 mov            ax=0030 bx=007F si=5503 di=064C
0334 nop            ax=0030 bx=007F si=5503 di=064C
0335 pop bx         ax=0030 bx=5616 si=5503 di=064C
0336 jmp            ax=0030 bx=5616 si=5503 di=064C
01EC sub            ax=0006 bx=5617 si=5503 di=064C
01EE mov            ax=0006 bx=5617 si=5503 di=064C
01F1 nop            ax=0006 bx=5617 si=5503 di=064C
01F2 jmp short      ax=0006 bx=5617 si=5503 di=064C
01DA cmp            ax=0086 bx=5618 si=5503 di=064C
01DC nop            ax=0086 bx=5618 si=5503 di=064C
01DD nop            ax=0086 bx=5618 si=5503 di=064C
01DE jae            ax=0086 bx=5618 si=5503 di=064C
01E0 add            ax=000C bx=5618 si=5503 di=064C
01E2 xor            ax=000C bx=5618 si=5503 di=064C
01E4 mov            ax=000C bx=5618 si=000C di=064C
01E6 add            ax=000C bx=5618 si=03F6 di=064C
01EA jmp rm         ax=000C bx=5618 si=03F6 di=064C
0447 mov rm,imm     ax=000C bx=5618 si=03F6 di=064C
044B nop            ax=000C bx=5618 si=03F6 di=064C
044C jmp            ax=000C bx=5618 si=03F6 di=064C
01A5 mov            ax=0004 bx=5619 si=03F6 di=064C
01A7 nop            ax=0004 bx=5619 si=03F6 di=064C
01A8 nop            ax=0004 bx=5619 si=03F6 di=064C
01A9 mov            ax=00B8 bx=5619 si=03F6 di=064C
01AC nop            ax=00B8 bx=5619 si=03F6 di=064C
01AD call           ax=00B8 bx=5619 si=03F6 di=064C
01B0 call           ax=00FF bx=5619 si=03F6 di=064C
0349 push bx        ax=00FF bx=5619 si=03F6 di=064C
034A push si        ax=00FF bx=5619 si=03F6 di=064C
034B mov            ax=0004 bx=5619 si=03F6 di=064C
034D nop            ax=0004 bx=5619 si=03F6 di=064C
034E nop            ax=0004 bx=5619 si=03F6 di=064C
034F add            ax=0034 bx=5619 si=03F6 di=064C
0352 nop            ax=0034 bx=5619 si=03F6 di=064C
0353 add            ax=0038 bx=5619 si=03F6 di=064C
0355 xor            ax=0038 bx=5619 si=03F6 di=064C
0357 mov            ax=0038 bx=5619 si=0038 di=064C
0359 mov            ax=0038 bx=5604 si=0038 di=064C
035D mov            ax=0008 bx=5604 si=0038 di=064C
0361 add            ax=0010 bx=5604 si=0038 di=064C
0363 add            ax=0020 bx=5604 si=0038 di=064C
0365 add            ax=0040 bx=5604 si=0038 di=064C
0367 add            ax=0080 bx=5604 si=0038 di=064C
0369 add            ax=0100 bx=5604 si=0038 di=064C
036B mov si,imm16   ax=0100 bx=5604 si=0927 di=064C
036E add            ax=0100 bx=5604 si=0A27 di=064C
0370 lodsw          ax=FE23 bx=5604 si=0A29 di=064C
0371 inc/dec byte   ax=FE23 bx=5603 si=0A29 di=064C
0373 or             ax=FE23 bx=5603 si=0A29 di=064C
0375 jge            ax=FE23 bx=5603 si=0A29 di=064C
0377 inc/dec byte   ax=FE23 bx=5604 si=0A29 di=064C
0379 or             ax=FE23 bx=5604 si=0A29 di=064C
037B jge            ax=FE23 bx=5604 si=0A29 di=064C
0381 push ax        ax=FE23 bx=5604 si=0A29 di=064C
0382 mov            ax=2323 bx=5604 si=0A29 di=064C
0384 mov            ax=2308 bx=5604 si=0A29 di=064C
0387 nop            ax=2308 bx=5604 si=0A29 di=064C
0388 add            ax=23A8 bx=5604 si=0A29 di=064C
038A call           ax=23A8 bx=5604 si=0A29 di=064C
038D pop ax         ax=FE23 bx=5604 si=0A29 di=064C
038E and            ax=0223 bx=5604 si=0A29 di=064C
0391 add            ax=0223 bx=5608 si=0A29 di=064C
0393 add            ax=0223 bx=5610 si=0A29 di=064C
0395 or             ax=1223 bx=5610 si=0A29 di=064C
0397 mov            ax=1208 bx=5610 si=0A29 di=064C
039A nop            ax=1208 bx=5610 si=0A29 di=064C
039B add            ax=12B8 bx=5610 si=0A29 di=064C
039D mov            ax=12B8 bx=5610 si=0A29 di=064C
03A0 nop            ax=12B8 bx=5610 si=0A29 di=064C
03A1 or             ax=32B8 bx=5610 si=0A29 di=064C
03A4 call           ax=32B8 bx=5610 si=0A29 di=064C
03A7 pop si         ax=32FF bx=5610 si=03F6 di=064C
03A8 pop bx         ax=32FF bx=5619 si=03F6 di=064C
03A9 ret            ax=32FF bx=5619 si=03F6 di=064C
01B3 mov            ax=32FF bx=5619 si=03F6 di=064C
01B6 nop            ax=32FF bx=5619 si=03F6 di=064C
01B7 mov            ax=3206 bx=5619 si=03F6 di=064C
01BA nop            ax=3206 bx=5619 si=03F6 di=064C
01BB mov            ax=3206 bx=5619 si=03F6 di=064C
01BE nop            ax=3206 bx=5619 si=03F6 di=064C
01BF ret            ax=3206 bx=5619 si=03F6 di=064C
0177 cmp            ax=3206 bx=5619 si=03F6 di=05AC
017B nop            ax=3206 bx=5619 si=03F6 di=05AC
017C jz             ax=3206 bx=5619 si=03F6 di=05AC
017E mov            ax=3206 bx=0C49 si=03F6 di=05AC
0181 nop            ax=3206 bx=0C49 si=03F6 di=05AC
0182 cmp            ax=3206 bx=0C49 si=03F6 di=05AC
0186 nop            ax=3206 bx=0C49 si=03F6 di=05AC
0187 jz             ax=3206 bx=0C49 si=03F6 di=05AC
0189 cmp            ax=3206 bx=0C49 si=03F6 di=05AC
018E jnz            ax=3206 bx=0C49 si=03F6 di=05AC
019C nop            ax=3206 bx=0C49 si=03F6 di=05AC
019D ret            ax=3206 bx=0C49 si=03F6 di=05AC
0177 cmp            ax=3206 bx=0C49 si=03F6 di=05C0
017B nop            ax=3206 bx=0C49 si=03F6 di=05C0
017C jz             ax=3206 bx=0C49 si=03F6 di=05C0
017E mov            ax=3206 bx=0D5A si=03F6 di=05C0
0181 nop            ax=3206 bx=0D5A si=03F6 di=05C0
0182 cmp            ax=3206 bx=0D5A si=03F6 di=05C0
0186 nop            ax=3206 bx=0D5A si=03F6 di=05C0
0187 jz             ax=3206 bx=0D5A si=03F6 di=05C0
0189 cmp            ax=3206 bx=0D5A si=03F6 di=05C0
018E jnz            ax=3206 bx=0D5A si=03F6 di=05C0
019C nop            ax=3206 bx=0D5A si=03F6 di=05C0
019D ret            ax=3206 bx=0D5A si=03F6 di=05C0
0177 cmp            ax=3206 bx=0D5A si=03F6 di=05D4
017B nop            ax=3206 bx=0D5A si=03F6 di=05D4
017C jz             ax=3206 bx=0D5A si=03F6 di=05D4
017E mov            ax=3206 bx=0DB8 si=03F6 di=05D4
0181 nop            ax=3206 bx=0DB8 si=03F6 di=05D4
0182 cmp            ax=3206 bx=0DB8 si=03F6 di=05D4
0186 nop            ax=3206 bx=0DB8 si=03F6 di=05D4
0187 jz             ax=3206 bx=0DB8 si=03F6 di=05D4
0189 cmp            ax=3206 bx=0DB8 si=03F6 di=05D4
018E jnz            ax=3206 bx=0DB8 si=03F6 di=05D4
019C nop            ax=3206 bx=0DB8 si=03F6 di=05D4
019D ret            ax=3206 bx=0DB8 si=03F6 di=05D4
0177 cmp            ax=3206 bx=0DB8 si=03F6 di=05E8
017B nop            ax=3206 bx=0DB8 si=03F6 di=05E8
017C jz             ax=3206 bx=0DB8 si=03F6 di=05E8
017E mov            ax=3206 bx=54E1 si=03F6 di=05E8
0181 nop            ax=3206 bx=54E1 si=03F6 di=05E8
0182 cmp            ax=3206 bx=54E1 si=03F6 di=05E8
0186 nop            ax=3206 bx=54E1 si=03F6 di=05E8
0187 jz             ax=3206 bx=54E1 si=03F6 di=05E8
0189 cmp            ax=3206 bx=54E1 si=03F6 di=05E8
018E jnz            ax=3206 bx=54E1 si=03F6 di=05E8
019C nop            ax=3206 bx=54E1 si=03F6 di=05E8
019D ret            ax=3206 bx=54E1 si=03F6 di=05E8
0177 cmp            ax=3206 bx=54E1 si=03F6 di=05FC
017B nop            ax=3206 bx=54E1 si=03F6 di=05FC
017C jz             ax=3206 bx=54E1 si=03F6 di=05FC
019D ret            ax=3206 bx=54E1 si=03F6 di=05FC
0177 cmp            ax=3206 bx=54E1 si=03F6 di=0610
017B nop            ax=3206 bx=54E1 si=03F6 di=0610
017C jz             ax=3206 bx=54E1 si=03F6 di=0610
019D ret            ax=3206 bx=54E1 si=03F6 di=0610
0177 cmp            ax=3206 bx=54E1 si=03F6 di=0624
017B nop            ax=3206 bx=54E1 si=03F6 di=0624
017C jz             ax=3206 bx=54E1 si=03F6 di=0624
019D ret            ax=3206 bx=54E1 si=03F6 di=0624
0177 cmp            ax=3206 bx=54E1 si=03F6 di=0638
017B nop            ax=3206 bx=54E1 si=03F6 di=0638
017C jz             ax=3206 bx=54E1 si=03F6 di=0638
019D ret            ax=3206 bx=54E1 si=03F6 di=0638
0177 cmp            ax=3206 bx=54E1 si=03F6 di=064C
017B nop            ax=3206 bx=54E1 si=03F6 di=064C
017C jz             ax=3206 bx=54E1 si=03F6 di=064C
017E mov            ax=3206 bx=5619 si=03F6 di=064C
0181 nop            ax=3206 bx=5619 si=03F6 di=064C
0182 cmp            ax=3206 bx=5619 si=03F6 di=064C
0186 nop            ax=3206 bx=5619 si=03F6 di=064C
0187 jz             ax=3206 bx=5619 si=03F6 di=064C
0190 inc/dec byte   ax=3206 bx=5619 si=03F6 di=064C
0193 nop            ax=3206 bx=5619 si=03F6 di=064C
0194 jz             ax=3206 bx=5619 si=03F6 di=064C
0196 call           ax=3206 bx=5619 si=03F6 di=064C
0339 mov            ax=3201 bx=5619 si=03F6 di=064C
033C nop            ax=3201 bx=5619 si=03F6 di=064C
033D or             ax=3201 bx=5619 si=03F6 di=064C
033F jz             ax=3201 bx=5619 si=03F6 di=064C
0341 add            ax=3205 bx=5619 si=03F6 di=064C
0343 nop            ax=3205 bx=5619 si=03F6 di=064C
0344 nop            ax=3205 bx=5619 si=03F6 di=064C
0345 mov            ax=3205 bx=5619 si=03F6 di=064C
0347 nop            ax=3205 bx=5619 si=03F6 di=064C
0348 nop            ax=3205 bx=5619 si=03F6 di=064C
0199 call           ax=32FF bx=5619 si=03F6 di=064C
03CA cmp            ax=32FF bx=5619 si=03F6 di=064C
03CD jz             ax=32FF bx=5619 si=03F6 di=064C
03CF mov            ax=32FF bx=5619 si=5503 di=064C
03D2 nop            ax=32FF bx=5619 si=5503 di=064C
03D3 mov            ax=3200 bx=5619 si=5503 di=064C
03D6 nop            ax=3200 bx=5619 si=5503 di=064C
03D7 cmp            ax=3200 bx=5619 si=5503 di=064C
03DA nop            ax=3200 bx=5619 si=5503 di=064C
03DB jnz            ax=3200 bx=5619 si=5503 di=064C
03E9 ret            ax=3200 bx=5619 si=5503 di=064C
019C nop            ax=3200 bx=5619 si=5503 di=064C
019D ret            ax=3200 bx=5619 si=5503 di=064C
0170 pop si         ax=3200 bx=5619 si=0000 di=064C
0171 pop di         ax=3200 bx=5619 si=0000 di=0000
0172 pop dx         ax=3200 bx=5619 si=0000 di=0000
0173 pop cx         ax=3200 bx=5619 si=0000 di=0000
0174 pop bx         ax=3200 bx=0000 si=0000 di=0000
0175 pop ax         ax=0000 bx=0000 si=0000 di=0000
0176 iret           ax=0000 bx=0000 si=0000 di=0000
