0177 cmp          di=064C
017B nop          di=064C
017C jz           di=064C
017E mov          di=064C
0181 nop          di=064C
0182 cmp          di=064C
0186 nop          di=064C
0187 jz           di=064C
0190 inc/dec byte di=064C
0193 nop          di=064C
0194 jz           di=064C
0196 call         di=064C
0339 mov          di=064C
033C nop          di=064C
033D or           di=064C
033F jz           di=064C
0341 add          di=064C
0343 nop          di=064C
0344 nop          di=064C
0345 mov          di=064C
0347 nop          di=064C
0348 nop          di=064C
