0115 push ax      ax=0000 bx=0000 si=0000 di=0000 ch8=00 00 00 00 00 0A 1A 08 B8 00 00 00
051C mov          ax=0000 bx=0003 si=0000 di=0000 ch8=00 00 00 00 00 0A 1A 08 B8 00 00 00
019E mov          ax=00C3 bx=5615 si=0000 di=064C ch8=00 00 00 00 00 0A 1A 08 B8 00 00 00
019E mov          ax=00E5 bx=5616 si=5503 di=064C ch8=00 00 03 55 03 0A 1A 08 B8 00 00 00
019E mov          ax=0086 bx=5617 si=5503 di=064C ch8=00 00 03 55 03 0A 1A 08 B8 00 00 00
019E mov          ax=0004 bx=5618 si=03F6 di=064C ch8=00 00 03 55 03 0A 1A 08 B8 00 00 00
0349 push bx      ax=00FF bx=5619 si=03F6 di=064C ch8=04 00 03 55 03 0A 1A 08 B8 00 00 00
034A push si      ax=00FF bx=5619 si=03F6 di=064C ch8=04 00 03 55 03 0A 1A 08 B8 00 00 00
034B mov          ax=0004 bx=5619 si=03F6 di=064C ch8=04 00 03 55 03 0A 1A 08 B8 00 00 00
034D nop          ax=0004 bx=5619 si=03F6 di=064C ch8=04 00 03 55 03 0A 1A 08 B8 00 00 00
034E nop          ax=0004 bx=5619 si=03F6 di=064C ch8=04 00 03 55 03 0A 1A 08 B8 00 00 00
034F add          ax=0034 bx=5619 si=03F6 di=064C ch8=04 00 03 55 03 0A 1A 08 B8 00 00 00
0352 nop          ax=0034 bx=5619 si=03F6 di=064C ch8=04 00 03 55 03 0A 1A 08 B8 00 00 00
0353 add          ax=0038 bx=5619 si=03F6 di=064C ch8=04 00 03 55 03 0A 1A 08 B8 00 00 00
0355 xor          ax=0038 bx=5619 si=03F6 di=064C ch8=04 00 03 55 03 0A 1A 08 B8 00 00 00
0357 mov          ax=0038 bx=5619 si=0038 di=064C ch8=04 00 03 55 03 0A 1A 08 B8 00 00 00
0359 mov          ax=0038 bx=5604 si=0038 di=064C ch8=04 00 03 55 03 0A 1A 08 B8 00 00 00
035D mov          ax=0008 bx=5604 si=0038 di=064C ch8=04 00 03 55 03 0A 1A 08 B8 00 00 00
0361 add          ax=0010 bx=5604 si=0038 di=064C ch8=04 00 03 55 03 0A 1A 08 B8 00 00 00
0363 add          ax=0020 bx=5604 si=0038 di=064C ch8=04 00 03 55 03 0A 1A 08 B8 00 00 00
0365 add          ax=0040 bx=5604 si=0038 di=064C ch8=04 00 03 55 03 0A 1A 08 B8 00 00 00
0367 add          ax=0080 bx=5604 si=0038 di=064C ch8=04 00 03 55 03 0A 1A 08 B8 00 00 00
0369 add          ax=0100 bx=5604 si=0038 di=064C ch8=04 00 03 55 03 0A 1A 08 B8 00 00 00
036B mov si,imm16 ax=0100 bx=5604 si=0927 di=064C ch8=04 00 03 55 03 0A 1A 08 B8 00 00 00
036E add          ax=0100 bx=5604 si=0A27 di=064C ch8=04 00 03 55 03 0A 1A 08 B8 00 00 00
0370 lodsw        ax=FE23 bx=5604 si=0A29 di=064C ch8=04 00 03 55 03 0A 1A 08 B8 00 00 00
0371 inc/dec byte ax=FE23 bx=5603 si=0A29 di=064C ch8=04 00 03 55 03 0A 1A 08 B8 00 00 00
0373 or           ax=FE23 bx=5603 si=0A29 di=064C ch8=04 00 03 55 03 0A 1A 08 B8 00 00 00
0375 jge          ax=FE23 bx=5603 si=0A29 di=064C ch8=04 00 03 55 03 0A 1A 08 B8 00 00 00
0377 inc/dec byte ax=FE23 bx=5604 si=0A29 di=064C ch8=04 00 03 55 03 0A 1A 08 B8 00 00 00
0379 or           ax=FE23 bx=5604 si=0A29 di=064C ch8=04 00 03 55 03 0A 1A 08 B8 00 00 00
037B jge          ax=FE23 bx=5604 si=0A29 di=064C ch8=04 00 03 55 03 0A 1A 08 B8 00 00 00
0381 push ax      ax=FE23 bx=5604 si=0A29 di=064C ch8=04 00 03 55 03 0A 1A 08 B8 00 00 00
0382 mov          ax=2323 bx=5604 si=0A29 di=064C ch8=04 00 03 55 03 0A 1A 08 B8 00 00 00
0384 mov          ax=2308 bx=5604 si=0A29 di=064C ch8=04 00 03 55 03 0A 1A 08 B8 00 00 00
0387 nop          ax=2308 bx=5604 si=0A29 di=064C ch8=04 00 03 55 03 0A 1A 08 B8 00 00 00
0388 add          ax=23A8 bx=5604 si=0A29 di=064C ch8=04 00 03 55 03 0A 1A 08 B8 00 00 00
038A call         ax=23A8 bx=5604 si=0A29 di=064C ch8=04 00 03 55 03 0A 1A 08 B8 00 00 00
038D pop ax       ax=FE23 bx=5604 si=0A29 di=064C ch8=04 00 03 55 03 0A 1A 08 B8 00 00 00
038E and          ax=0223 bx=5604 si=0A29 di=064C ch8=04 00 03 55 03 0A 1A 08 B8 00 00 00
0177 cmp          ax=3206 bx=5619 si=03F6 di=05AC ch8=04 06 03 55 03 0A 1A 08 B8 12 00 00
0349 push bx      ax=3205 bx=5619 si=03F6 di=064C ch8=05 05 03 55 03 0A 1A 08 B8 12 00 00
034A push si      ax=3205 bx=5619 si=03F6 di=064C ch8=05 05 03 55 03 0A 1A 08 B8 12 00 00
034B mov          ax=3205 bx=5619 si=03F6 di=064C ch8=05 05 03 55 03 0A 1A 08 B8 12 00 00
034D nop          ax=3205 bx=5619 si=03F6 di=064C ch8=05 05 03 55 03 0A 1A 08 B8 12 00 00
034E nop          ax=3205 bx=5619 si=03F6 di=064C ch8=05 05 03 55 03 0A 1A 08 B8 12 00 00
034F add          ax=3235 bx=5619 si=03F6 di=064C ch8=05 05 03 55 03 0A 1A 08 B8 12 00 00
0352 nop          ax=3235 bx=5619 si=03F6 di=064C ch8=05 05 03 55 03 0A 1A 08 B8 12 00 00
0353 add          ax=3239 bx=5619 si=03F6 di=064C ch8=05 05 03 55 03 0A 1A 08 B8 12 00 00
0355 xor          ax=0039 bx=5619 si=03F6 di=064C ch8=05 05 03 55 03 0A 1A 08 B8 12 00 00
0357 mov          ax=0039 bx=5619 si=0039 di=064C ch8=05 05 03 55 03 0A 1A 08 B8 12 00 00
0359 mov          ax=0039 bx=5604 si=0039 di=064C ch8=05 05 03 55 03 0A 1A 08 B8 12 00 00
035D mov          ax=0009 bx=5604 si=0039 di=064C ch8=05 05 03 55 03 0A 1A 08 B8 12 00 00
0361 add          ax=0012 bx=5604 si=0039 di=064C ch8=05 05 03 55 03 0A 1A 08 B8 12 00 00
0363 add          ax=0024 bx=5604 si=0039 di=064C ch8=05 05 03 55 03 0A 1A 08 B8 12 00 00
0365 add          ax=0048 bx=5604 si=0039 di=064C ch8=05 05 03 55 03 0A 1A 08 B8 12 00 00
0367 add          ax=0090 bx=5604 si=0039 di=064C ch8=05 05 03 55 03 0A 1A 08 B8 12 00 00
0369 add          ax=0120 bx=5604 si=0039 di=064C ch8=05 05 03 55 03 0A 1A 08 B8 12 00 00
036B mov si,imm16 ax=0120 bx=5604 si=0927 di=064C ch8=05 05 03 55 03 0A 1A 08 B8 12 00 00
036E add          ax=0120 bx=5604 si=0A47 di=064C ch8=05 05 03 55 03 0A 1A 08 B8 12 00 00
0370 lodsw        ax=FE44 bx=5604 si=0A49 di=064C ch8=05 05 03 55 03 0A 1A 08 B8 12 00 00
0371 inc/dec byte ax=FE44 bx=5603 si=0A49 di=064C ch8=05 05 03 55 03 0A 1A 08 B8 12 00 00
0373 or           ax=FE44 bx=5603 si=0A49 di=064C ch8=05 05 03 55 03 0A 1A 08 B8 12 00 00
0375 jge          ax=FE44 bx=5603 si=0A49 di=064C ch8=05 05 03 55 03 0A 1A 08 B8 12 00 00
0377 inc/dec byte ax=FE44 bx=5604 si=0A49 di=064C ch8=05 05 03 55 03 0A 1A 08 B8 12 00 00
0379 or           ax=FE44 bx=5604 si=0A49 di=064C ch8=05 05 03 55 03 0A 1A 08 B8 12 00 00
037B jge          ax=FE44 bx=5604 si=0A49 di=064C ch8=05 05 03 55 03 0A 1A 08 B8 12 00 00
0381 push ax      ax=FE44 bx=5604 si=0A49 di=064C ch8=05 05 03 55 03 0A 1A 08 B8 12 00 00
0382 mov          ax=4444 bx=5604 si=0A49 di=064C ch8=05 05 03 55 03 0A 1A 08 B8 12 00 00
0384 mov          ax=4408 bx=5604 si=0A49 di=064C ch8=05 05 03 55 03 0A 1A 08 B8 12 00 00
0387 nop          ax=4408 bx=5604 si=0A49 di=064C ch8=05 05 03 55 03 0A 1A 08 B8 12 00 00
0388 add          ax=44A8 bx=5604 si=0A49 di=064C ch8=05 05 03 55 03 0A 1A 08 B8 12 00 00
038A call         ax=44A8 bx=5604 si=0A49 di=064C ch8=05 05 03 55 03 0A 1A 08 B8 12 00 00
038D pop ax       ax=FE44 bx=5604 si=0A49 di=064C ch8=05 05 03 55 03 0A 1A 08 B8 12 00 00
038E and          ax=0244 bx=5604 si=0A49 di=064C ch8=05 05 03 55 03 0A 1A 08 B8 12 00 00
