EMU f000 ev[29] ch1=00 09 00 00 00 01 11 01 B1 00 55 17 5E 19 00 00 01 09 00 00
     stream@195E C1 FD 11 F8 11 80 E4 81
EMU f001 ev[0] ch1=00 09 00 00 00 01 11 01 B1 00 55 17 5E 19 00 00 01 09 00 00
     stream@195E C1 FD 11 F8 11 80 E4 81
EMU f002 ev[0] ch1=00 09 00 00 00 01 11 01 B1 00 55 17 5E 19 00 00 01 09 00 00
     stream@195E C1 FD 11 F8 11 80 E4 81
EMU f003 ev[0] ch1=00 09 00 00 00 01 11 01 B1 00 55 17 5E 19 00 00 01 09 00 00
     stream@195E C1 FD 11 F8 11 80 E4 81
EMU f004 ev[0] ch1=00 09 00 00 00 01 11 01 B1 00 55 17 5E 19 00 00 01 09 00 00
     stream@195E C1 FD 11 F8 11 80 E4 81
EMU f005 ev[0] ch1=00 08 00 00 00 01 11 01 B1 00 55 17 5E 19 00 00 01 09 00 00
     stream@195E C1 FD 11 F8 11 80 E4 81
EMU f006 ev[0] ch1=00 08 00 00 00 01 11 01 B1 00 55 17 5E 19 00 00 01 09 00 00
     stream@195E C1 FD 11 F8 11 80 E4 81
EMU f007 ev[0] ch1=00 08 00 00 00 01 11 01 B1 00 55 17 5E 19 00 00 01 09 00 00
     stream@195E C1 FD 11 F8 11 80 E4 81
EMU f008 ev[0] ch1=00 08 00 00 00 01 11 01 B1 00 55 17 5E 19 00 00 01 09 00 00
     stream@195E C1 FD 11 F8 11 80 E4 81
EMU f009 ev[0] ch1=00 08 00 00 00 01 11 01 B1 00 55 17 5E 19 00 00 01 09 00 00
     stream@195E C1 FD 11 F8 11 80 E4 81
EMU f010 ev[0] ch1=00 07 00 00 00 01 11 01 B1 00 55 17 5E 19 00 00 01 09 00 00
     stream@195E C1 FD 11 F8 11 80 E4 81
EMU f011 ev[0] ch1=00 07 00 00 00 01 11 01 B1 00 55 17 5E 19 00 00 01 09 00 00
     stream@195E C1 FD 11 F8 11 80 E4 81
EMU f012 ev[0] ch1=00 07 00 00 00 01 11 01 B1 00 55 17 5E 19 00 00 01 09 00 00
     stream@195E C1 FD 11 F8 11 80 E4 81
EMU f013 ev[0] ch1=00 07 00 00 00 01 11 01 B1 00 55 17 5E 19 00 00 01 09 00 00
     stream@195E C1 FD 11 F8 11 80 E4 81
EMU f014 ev[0] ch1=00 07 00 00 00 01 11 01 B1 00 55 17 5E 19 00 00 01 09 00 00
     stream@195E C1 FD 11 F8 11 80 E4 81
EMU f015 ev[14] ch1=00 06 00 00 00 01 11 01 B1 00 55 17 5E 19 00 00 01 09 00 00
     stream@195E C1 FD 11 F8 11 80 E4 81
EMU f016 ev[0] ch1=00 06 00 00 00 01 11 01 B1 00 55 17 5E 19 00 00 01 09 00 00
     stream@195E C1 FD 11 F8 11 80 E4 81
EMU f017 ev[0] ch1=00 06 00 00 00 01 11 01 B1 00 55 17 5E 19 00 00 01 09 00 00
     stream@195E C1 FD 11 F8 11 80 E4 81
EMU f018 ev[0] ch1=00 06 00 00 00 01 11 01 B1 00 55 17 5E 19 00 00 01 09 00 00
     stream@195E C1 FD 11 F8 11 80 E4 81
EMU f019 ev[0] ch1=00 06 00 00 00 01 11 01 B1 00 55 17 5E 19 00 00 01 09 00 00
     stream@195E C1 FD 11 F8 11 80 E4 81
EMU f020 ev[0] ch1=00 05 00 00 00 01 11 01 B1 00 55 17 5E 19 00 00 01 09 00 00
     stream@195E C1 FD 11 F8 11 80 E4 81
EMU f021 ev[0] ch1=00 05 00 00 00 01 11 01 B1 00 55 17 5E 19 00 00 01 09 00 00
     stream@195E C1 FD 11 F8 11 80 E4 81
EMU f022 ev[0] ch1=00 05 00 00 00 01 11 01 B1 00 55 17 5E 19 00 00 01 09 00 00
     stream@195E C1 FD 11 F8 11 80 E4 81
EMU f023 ev[0] ch1=00 05 00 00 00 01 11 01 B1 00 55 17 5E 19 00 00 01 09 00 00
     stream@195E C1 FD 11 F8 11 80 E4 81
EMU f024 ev[0] ch1=00 05 00 00 00 01 11 01 B1 00 55 17 5E 19 00 00 01 09 00 00
     stream@195E C1 FD 11 F8 11 80 E4 81
EMU f025 ev[14] ch1=00 04 00 00 00 01 11 01 B1 00 55 17 5E 19 00 00 01 09 00 00
     stream@195E C1 FD 11 F8 11 80 E4 81
EMU f026 ev[0] ch1=00 04 00 00 00 01 11 01 B1 00 55 17 5E 19 00 00 01 09 00 00
     stream@195E C1 FD 11 F8 11 80 E4 81
EMU f027 ev[0] ch1=00 04 00 00 00 01 11 01 B1 00 55 17 5E 19 00 00 01 09 00 00
     stream@195E C1 FD 11 F8 11 80 E4 81
EMU f028 ev[0] ch1=00 04 00 00 00 01 11 01 B1 00 55 17 5E 19 00 00 01 09 00 00
     stream@195E C1 FD 11 F8 11 80 E4 81
EMU f029 ev[0] ch1=00 04 00 00 00 01 11 01 B1 00 55 17 5E 19 00 00 01 09 00 00
     stream@195E C1 FD 11 F8 11 80 E4 81
EMU f030 ev[0] ch1=00 03 00 00 00 01 11 01 B1 00 55 17 5E 19 00 00 01 09 00 00
     stream@195E C1 FD 11 F8 11 80 E4 81
EMU f031 ev[0] ch1=00 03 00 00 00 01 11 01 B1 00 55 17 5E 19 00 00 01 09 00 00
     stream@195E C1 FD 11 F8 11 80 E4 81
EMU f032 ev[0] ch1=00 03 00 00 00 01 11 01 B1 00 55 17 5E 19 00 00 01 09 00 00
     stream@195E C1 FD 11 F8 11 80 E4 81
EMU f033 ev[0] ch1=00 03 00 00 00 01 11 01 B1 00 55 17 5E 19 00 00 01 09 00 00
     stream@195E C1 FD 11 F8 11 80 E4 81
EMU f034 ev[0] ch1=00 03 00 00 00 01 11 01 B1 00 55 17 5E 19 00 00 01 09 00 00
     stream@195E C1 FD 11 F8 11 80 E4 81
EMU f035 ev[0] ch1=00 02 00 00 00 01 11 01 B1 00 55 17 5E 19 00 00 01 09 00 00
     stream@195E C1 FD 11 F8 11 80 E4 81
EMU f036 ev[0] ch1=00 02 00 00 00 01 11 01 B1 00 55 17 5E 19 00 00 01 09 00 00
     stream@195E C1 FD 11 F8 11 80 E4 81
EMU f037 ev[0] ch1=00 02 00 00 00 01 11 01 B1 00 55 17 5E 19 00 00 01 09 00 00
     stream@195E C1 FD 11 F8 11 80 E4 81
EMU f038 ev[0] ch1=00 02 00 00 00 01 11 01 B1 00 55 17 5E 19 00 00 01 09 00 00
     stream@195E C1 FD 11 F8 11 80 E4 81
EMU f039 ev[0] ch1=00 02 00 00 00 01 11 01 B1 00 55 17 5E 19 00 00 01 09 00 00
     stream@195E C1 FD 11 F8 11 80 E4 81
EMU f040 ev[14] ch1=00 01 00 00 00 01 11 01 B1 00 55 17 5E 19 00 00 01 09 00 00
     stream@195E C1 FD 11 F8 11 80 E4 81
EMU f041 ev[0] ch1=00 01 00 00 00 01 11 01 B1 00 55 17 5E 19 00 00 01 09 00 00
     stream@195E C1 FD 11 F8 11 80 E4 81
EMU f042 ev[0] ch1=00 01 00 00 00 01 11 01 B1 00 55 17 5E 19 00 00 01 09 00 00
     stream@195E C1 FD 11 F8 11 80 E4 81
EMU f043 ev[0] ch1=00 01 00 00 00 01 11 01 B1 00 55 17 5E 19 00 00 01 09 00 00
     stream@195E C1 FD 11 F8 11 80 E4 81
EMU f044 ev[0] ch1=00 01 00 00 00 01 11 01 B1 00 55 17 5E 19 00 00 01 09 00 00
     stream@195E C1 FD 11 F8 11 80 E4 81
EMU f045 ev[14] ch1=11 1E EC 1B 01 01 11 01 B1 02 55 17 61 19 70 00 01 1E E7 00
     stream@1961 F8 11 80 E4 81 C1 E5 11
EMU f046 ev[0] ch1=11 1E EC 1B 01 01 11 01 B1 02 55 17 61 19 70 00 01 1E E7 00
     stream@1961 F8 11 80 E4 81 C1 E5 11
EMU f047 ev[0] ch1=11 1E EC 1B 01 01 11 01 B1 02 55 17 61 19 70 00 01 1E E7 00
     stream@1961 F8 11 80 E4 81 C1 E5 11
EMU f048 ev[0] ch1=11 1E EC 1B 01 01 11 01 B1 02 55 17 61 19 70 00 01 1E E7 00
     stream@1961 F8 11 80 E4 81 C1 E5 11
EMU f049 ev[0] ch1=11 1E EC 1B 01 01 11 01 B1 02 55 17 61 19 70 00 01 1E E7 00
     stream@1961 F8 11 80 E4 81 C1 E5 11
EMU f050 ev[14] ch1=11 1D EC 1B 01 01 11 01 B1 02 55 17 61 19 70 00 01 1E E7 00
     stream@1961 F8 11 80 E4 81 C1 E5 11
EMU f051 ev[0] ch1=11 1D EC 1B 01 01 11 01 B1 02 55 17 61 19 70 00 01 1E E7 00
     stream@1961 F8 11 80 E4 81 C1 E5 11
EMU f052 ev[0] ch1=11 1D EC 1B 01 01 11 01 B1 02 55 17 61 19 70 00 01 1E E7 00
     stream@1961 F8 11 80 E4 81 C1 E5 11
EMU f053 ev[0] ch1=11 1D EC 1B 01 01 11 01 B1 02 55 17 61 19 70 00 01 1E E7 00
     stream@1961 F8 11 80 E4 81 C1 E5 11
EMU f054 ev[0] ch1=11 1D EC 1B 01 01 11 01 B1 02 55 17 61 19 70 00 01 1E E7 00
     stream@1961 F8 11 80 E4 81 C1 E5 11
EMU f055 ev[0] ch1=11 1C EC 1B 01 01 11 01 B1 02 55 17 61 19 70 00 01 1E E7 00
     stream@1961 F8 11 80 E4 81 C1 E5 11
EMU f056 ev[0] ch1=11 1C EC 1B 01 01 11 01 B1 02 55 17 61 19 70 00 01 1E E7 00
     stream@1961 F8 11 80 E4 81 C1 E5 11
EMU f057 ev[0] ch1=11 1C EC 1B 01 01 11 01 B1 02 55 17 61 19 70 00 01 1E E7 00
     stream@1961 F8 11 80 E4 81 C1 E5 11
EMU f058 ev[0] ch1=11 1C EC 1B 01 01 11 01 B1 02 55 17 61 19 70 00 01 1E E7 00
     stream@1961 F8 11 80 E4 81 C1 E5 11
EMU f059 ev[0] ch1=11 1C EC 1B 01 01 11 01 B1 02 55 17 61 19 70 00 01 1E E7 00
     stream@1961 F8 11 80 E4 81 C1 E5 11
EMU f060 ev[0] ch1=11 1B EC 1B 01 01 11 01 B1 02 55 17 61 19 70 00 01 1E E7 00
     stream@1961 F8 11 80 E4 81 C1 E5 11
EMU f061 ev[0] ch1=11 1B EC 1B 01 01 11 01 B1 02 55 17 61 19 70 00 01 1E E7 00
     stream@1961 F8 11 80 E4 81 C1 E5 11
EMU f062 ev[0] ch1=11 1B EC 1B 01 01 11 01 B1 02 55 17 61 19 70 00 01 1E E7 00
     stream@1961 F8 11 80 E4 81 C1 E5 11
EMU f063 ev[0] ch1=11 1B EC 1B 01 01 11 01 B1 02 55 17 61 19 70 00 01 1E E7 00
     stream@1961 F8 11 80 E4 81 C1 E5 11
EMU f064 ev[0] ch1=11 1B EC 1B 01 01 11 01 B1 02 55 17 61 19 70 00 01 1E E7 00
     stream@1961 F8 11 80 E4 81 C1 E5 11
EMU f065 ev[14] ch1=11 1A EC 1B 01 01 11 01 B1 02 55 17 61 19 70 00 01 1E E7 00
     stream@1961 F8 11 80 E4 81 C1 E5 11
EMU f066 ev[0] ch1=11 1A EC 1B 01 01 11 01 B1 02 55 17 61 19 70 00 01 1E E7 00
     stream@1961 F8 11 80 E4 81 C1 E5 11
EMU f067 ev[0] ch1=11 1A EC 1B 01 01 11 01 B1 02 55 17 61 19 70 00 01 1E E7 00
     stream@1961 F8 11 80 E4 81 C1 E5 11
EMU f068 ev[0] ch1=11 1A EC 1B 01 01 11 01 B1 02 55 17 61 19 70 00 01 1E E7 00
     stream@1961 F8 11 80 E4 81 C1 E5 11
EMU f069 ev[0] ch1=11 1A EC 1B 01 01 11 01 B1 02 55 17 61 19 70 00 01 1E E7 00
     stream@1961 F8 11 80 E4 81 C1 E5 11
EMU f070 ev[0] ch1=11 19 EC 1B 01 01 11 01 B1 02 55 17 61 19 70 00 01 1E E7 00
     stream@1961 F8 11 80 E4 81 C1 E5 11
EMU f071 ev[0] ch1=11 19 EC 1B 01 01 11 01 B1 02 55 17 61 19 70 00 01 1E E7 00
     stream@1961 F8 11 80 E4 81 C1 E5 11
EMU f072 ev[0] ch1=11 19 EC 1B 01 01 11 01 B1 02 55 17 61 19 70 00 01 1E E7 00
     stream@1961 F8 11 80 E4 81 C1 E5 11
EMU f073 ev[0] ch1=11 19 EC 1B 01 01 11 01 B1 02 55 17 61 19 70 00 01 1E E7 00
     stream@1961 F8 11 80 E4 81 C1 E5 11
EMU f074 ev[0] ch1=11 19 EC 1B 01 01 11 01 B1 02 55 17 61 19 70 00 01 1E E7 00
     stream@1961 F8 11 80 E4 81 C1 E5 11
EMU f075 ev[3] ch1=11 18 EC 1B 01 01 11 01 B1 02 55 17 61 19 70 00 01 1E E7 00
     stream@1961 F8 11 80 E4 81 C1 E5 11
EMU f076 ev[0] ch1=11 18 EC 1B 01 01 11 01 B1 02 55 17 61 19 70 00 01 1E E7 00
     stream@1961 F8 11 80 E4 81 C1 E5 11
EMU f077 ev[0] ch1=11 18 EC 1B 01 01 11 01 B1 02 55 17 61 19 70 00 01 1E E7 00
     stream@1961 F8 11 80 E4 81 C1 E5 11
EMU f078 ev[0] ch1=11 18 EC 1B 01 01 11 01 B1 02 55 17 61 19 70 00 01 1E E7 00
     stream@1961 F8 11 80 E4 81 C1 E5 11
EMU f079 ev[0] ch1=11 18 EC 1B 01 01 11 01 B1 02 55 17 61 19 70 00 01 1E E7 00
     stream@1961 F8 11 80 E4 81 C1 E5 11
EMU f080 ev[0] ch1=11 17 EC 1B 01 01 11 01 B1 02 55 17 61 19 70 00 01 1E E7 00
     stream@1961 F8 11 80 E4 81 C1 E5 11
EMU f081 ev[0] ch1=11 17 EC 1B 01 01 11 01 B1 02 55 17 61 19 70 00 01 1E E7 00
     stream@1961 F8 11 80 E4 81 C1 E5 11
EMU f082 ev[0] ch1=11 17 EC 1B 01 01 11 01 B1 02 55 17 61 19 70 00 01 1E E7 00
     stream@1961 F8 11 80 E4 81 C1 E5 11
EMU f083 ev[0] ch1=11 17 EC 1B 01 01 11 01 B1 02 55 17 61 19 70 00 01 1E E7 00
     stream@1961 F8 11 80 E4 81 C1 E5 11
EMU f084 ev[0] ch1=11 17 EC 1B 01 01 11 01 B1 02 55 17 61 19 70 00 01 1E E7 00
     stream@1961 F8 11 80 E4 81 C1 E5 11
EMU f085 ev[0] ch1=11 16 EC 1B 01 01 11 01 B1 02 55 17 61 19 70 00 01 1E E7 00
     stream@1961 F8 11 80 E4 81 C1 E5 11
EMU f086 ev[0] ch1=11 16 EC 1B 01 01 11 01 B1 02 55 17 61 19 70 00 01 1E E7 00
     stream@1961 F8 11 80 E4 81 C1 E5 11
EMU f087 ev[0] ch1=11 16 EC 1B 01 01 11 01 B1 02 55 17 61 19 70 00 01 1E E7 00
     stream@1961 F8 11 80 E4 81 C1 E5 11
EMU f088 ev[0] ch1=11 16 EC 1B 01 01 11 01 B1 02 55 17 61 19 70 00 01 1E E7 00
     stream@1961 F8 11 80 E4 81 C1 E5 11
EMU f089 ev[0] ch1=11 16 EC 1B 01 01 11 01 B1 02 55 17 61 19 70 00 01 1E E7 00
     stream@1961 F8 11 80 E4 81 C1 E5 11
EMU f090 ev[14] ch1=11 15 EC 1B 01 01 11 01 B1 02 55 17 61 19 70 00 01 1E E7 00
     stream@1961 F8 11 80 E4 81 C1 E5 11
EMU f091 ev[0] ch1=11 15 EC 1B 01 01 11 01 B1 02 55 17 61 19 70 00 01 1E E7 00
     stream@1961 F8 11 80 E4 81 C1 E5 11
EMU f092 ev[0] ch1=11 15 EC 1B 01 01 11 01 B1 02 55 17 61 19 70 00 01 1E E7 00
     stream@1961 F8 11 80 E4 81 C1 E5 11
EMU f093 ev[0] ch1=11 15 EC 1B 01 01 11 01 B1 02 55 17 61 19 70 00 01 1E E7 00
     stream@1961 F8 11 80 E4 81 C1 E5 11
EMU f094 ev[0] ch1=11 15 EC 1B 01 01 11 01 B1 02 55 17 61 19 70 00 01 1E E7 00
     stream@1961 F8 11 80 E4 81 C1 E5 11
EMU f095 ev[0] ch1=11 14 EC 1B 01 01 11 01 B1 02 55 17 61 19 70 00 01 1E E7 00
     stream@1961 F8 11 80 E4 81 C1 E5 11
EMU f096 ev[0] ch1=11 14 EC 1B 01 01 11 01 B1 02 55 17 61 19 70 00 01 1E E7 00
     stream@1961 F8 11 80 E4 81 C1 E5 11
EMU f097 ev[0] ch1=11 14 EC 1B 01 01 11 01 B1 02 55 17 61 19 70 00 01 1E E7 00
     stream@1961 F8 11 80 E4 81 C1 E5 11
EMU f098 ev[0] ch1=11 14 EC 1B 01 01 11 01 B1 02 55 17 61 19 70 00 01 1E E7 00
     stream@1961 F8 11 80 E4 81 C1 E5 11
EMU f099 ev[0] ch1=11 14 EC 1B 01 01 11 01 B1 02 55 17 61 19 70 00 01 1E E7 00
     stream@1961 F8 11 80 E4 81 C1 E5 11
EMU f100 ev[14] ch1=11 13 EC 1B 01 01 11 01 B1 02 55 17 61 19 70 00 01 1E E7 00
     stream@1961 F8 11 80 E4 81 C1 E5 11
EMU f101 ev[0] ch1=11 13 EC 1B 01 01 11 01 B1 02 55 17 61 19 70 00 01 1E E7 00
     stream@1961 F8 11 80 E4 81 C1 E5 11
EMU f102 ev[0] ch1=11 13 EC 1B 01 01 11 01 B1 02 55 17 61 19 70 00 01 1E E7 00
     stream@1961 F8 11 80 E4 81 C1 E5 11
EMU f103 ev[0] ch1=11 13 EC 1B 01 01 11 01 B1 02 55 17 61 19 70 00 01 1E E7 00
     stream@1961 F8 11 80 E4 81 C1 E5 11
EMU f104 ev[0] ch1=11 13 EC 1B 01 01 11 01 B1 02 55 17 61 19 70 00 01 1E E7 00
     stream@1961 F8 11 80 E4 81 C1 E5 11
EMU f105 ev[0] ch1=11 12 EC 1B 01 01 11 01 B1 02 55 17 61 19 70 00 01 1E E7 00
     stream@1961 F8 11 80 E4 81 C1 E5 11
EMU f106 ev[0] ch1=11 12 EC 1B 01 01 11 01 B1 02 55 17 61 19 70 00 01 1E E7 00
     stream@1961 F8 11 80 E4 81 C1 E5 11
EMU f107 ev[0] ch1=11 12 EC 1B 01 01 11 01 B1 02 55 17 61 19 70 00 01 1E E7 00
     stream@1961 F8 11 80 E4 81 C1 E5 11
EMU f108 ev[0] ch1=11 12 EC 1B 01 01 11 01 B1 02 55 17 61 19 70 00 01 1E E7 00
     stream@1961 F8 11 80 E4 81 C1 E5 11
EMU f109 ev[0] ch1=11 12 EC 1B 01 01 11 01 B1 02 55 17 61 19 70 00 01 1E E7 00
     stream@1961 F8 11 80 E4 81 C1 E5 11
EMU f110 ev[0] ch1=11 11 EC 1B 01 01 11 01 B1 02 55 17 61 19 70 00 01 1E E7 00
     stream@1961 F8 11 80 E4 81 C1 E5 11
EMU f111 ev[0] ch1=11 11 EC 1B 01 01 11 01 B1 02 55 17 61 19 70 00 01 1E E7 00
     stream@1961 F8 11 80 E4 81 C1 E5 11
EMU f112 ev[0] ch1=11 11 EC 1B 01 01 11 01 B1 02 55 17 61 19 70 00 01 1E E7 00
     stream@1961 F8 11 80 E4 81 C1 E5 11
EMU f113 ev[0] ch1=11 11 EC 1B 01 01 11 01 B1 02 55 17 61 19 70 00 01 1E E7 00
     stream@1961 F8 11 80 E4 81 C1 E5 11
EMU f114 ev[0] ch1=11 11 EC 1B 01 01 11 01 B1 02 55 17 61 19 70 00 01 1E E7 00
     stream@1961 F8 11 80 E4 81 C1 E5 11
EMU f115 ev[14] ch1=11 10 EC 1B 01 01 11 01 B1 02 55 17 61 19 70 00 01 1E E7 00
     stream@1961 F8 11 80 E4 81 C1 E5 11
EMU f116 ev[0] ch1=11 10 EC 1B 01 01 11 01 B1 02 55 17 61 19 70 00 01 1E E7 00
     stream@1961 F8 11 80 E4 81 C1 E5 11
EMU f117 ev[0] ch1=11 10 EC 1B 01 01 11 01 B1 02 55 17 61 19 70 00 01 1E E7 00
     stream@1961 F8 11 80 E4 81 C1 E5 11
EMU f118 ev[0] ch1=11 10 EC 1B 01 01 11 01 B1 02 55 17 61 19 70 00 01 1E E7 00
     stream@1961 F8 11 80 E4 81 C1 E5 11
EMU f119 ev[0] ch1=11 10 EC 1B 01 01 11 01 B1 02 55 17 61 19 70 00 01 1E E7 00
     stream@1961 F8 11 80 E4 81 C1 E5 11
EMU f120 ev[0] ch1=11 0F EC 1B 01 01 11 01 B1 02 55 17 61 19 70 00 01 1E E7 00
     stream@1961 F8 11 80 E4 81 C1 E5 11
EMU f121 ev[0] ch1=11 0F EC 1B 01 01 11 01 B1 02 55 17 61 19 70 00 01 1E E7 00
     stream@1961 F8 11 80 E4 81 C1 E5 11
EMU f122 ev[0] ch1=11 0F EC 1B 01 01 11 01 B1 02 55 17 61 19 70 00 01 1E E7 00
     stream@1961 F8 11 80 E4 81 C1 E5 11
EMU f123 ev[0] ch1=11 0F EC 1B 01 01 11 01 B1 02 55 17 61 19 70 00 01 1E E7 00
     stream@1961 F8 11 80 E4 81 C1 E5 11
EMU f124 ev[0] ch1=11 0F EC 1B 01 01 11 01 B1 02 55 17 61 19 70 00 01 1E E7 00
     stream@1961 F8 11 80 E4 81 C1 E5 11
EMU f125 ev[14] ch1=11 0E EC 1B 01 01 11 01 B1 02 55 17 61 19 70 00 01 1E E7 00
     stream@1961 F8 11 80 E4 81 C1 E5 11
EMU f126 ev[0] ch1=11 0E EC 1B 01 01 11 01 B1 02 55 17 61 19 70 00 01 1E E7 00
     stream@1961 F8 11 80 E4 81 C1 E5 11
EMU f127 ev[0] ch1=11 0E EC 1B 01 01 11 01 B1 02 55 17 61 19 70 00 01 1E E7 00
     stream@1961 F8 11 80 E4 81 C1 E5 11
EMU f128 ev[0] ch1=11 0E EC 1B 01 01 11 01 B1 02 55 17 61 19 70 00 01 1E E7 00
     stream@1961 F8 11 80 E4 81 C1 E5 11
EMU f129 ev[0] ch1=11 0E EC 1B 01 01 11 01 B1 02 55 17 61 19 70 00 01 1E E7 00
     stream@1961 F8 11 80 E4 81 C1 E5 11
EMU f130 ev[0] ch1=11 0D EC 1B 01 01 11 01 B1 02 55 17 61 19 70 00 01 1E E7 00
     stream@1961 F8 11 80 E4 81 C1 E5 11
EMU f131 ev[0] ch1=11 0D EC 1B 01 01 11 01 B1 02 55 17 61 19 70 00 01 1E E7 00
     stream@1961 F8 11 80 E4 81 C1 E5 11
EMU f132 ev[0] ch1=11 0D EC 1B 01 01 11 01 B1 02 55 17 61 19 70 00 01 1E E7 00
     stream@1961 F8 11 80 E4 81 C1 E5 11
EMU f133 ev[0] ch1=11 0D EC 1B 01 01 11 01 B1 02 55 17 61 19 70 00 01 1E E7 00
     stream@1961 F8 11 80 E4 81 C1 E5 11
EMU f134 ev[0] ch1=11 0D EC 1B 01 01 11 01 B1 02 55 17 61 19 70 00 01 1E E7 00
     stream@1961 F8 11 80 E4 81 C1 E5 11
EMU f135 ev[0] ch1=11 0C EC 1B 01 01 11 01 B1 02 55 17 61 19 70 00 01 1E E7 00
     stream@1961 F8 11 80 E4 81 C1 E5 11
EMU f136 ev[0] ch1=11 0C EC 1B 01 01 11 01 B1 02 55 17 61 19 70 00 01 1E E7 00
     stream@1961 F8 11 80 E4 81 C1 E5 11
EMU f137 ev[0] ch1=11 0C EC 1B 01 01 11 01 B1 02 55 17 61 19 70 00 01 1E E7 00
     stream@1961 F8 11 80 E4 81 C1 E5 11
EMU f138 ev[0] ch1=11 0C EC 1B 01 01 11 01 B1 02 55 17 61 19 70 00 01 1E E7 00
     stream@1961 F8 11 80 E4 81 C1 E5 11
EMU f139 ev[0] ch1=11 0C EC 1B 01 01 11 01 B1 02 55 17 61 19 70 00 01 1E E7 00
     stream@1961 F8 11 80 E4 81 C1 E5 11
EMU f140 ev[3] ch1=11 0B EC 1B 01 01 11 01 B1 02 55 17 61 19 70 00 01 1E E7 00
     stream@1961 F8 11 80 E4 81 C1 E5 11
EMU f141 ev[0] ch1=11 0B EC 1B 01 01 11 01 B1 02 55 17 61 19 70 00 01 1E E7 00
     stream@1961 F8 11 80 E4 81 C1 E5 11
EMU f142 ev[0] ch1=11 0B EC 1B 01 01 11 01 B1 02 55 17 61 19 70 00 01 1E E7 00
     stream@1961 F8 11 80 E4 81 C1 E5 11
EMU f143 ev[0] ch1=11 0B EC 1B 01 01 11 01 B1 02 55 17 61 19 70 00 01 1E E7 00
     stream@1961 F8 11 80 E4 81 C1 E5 11
EMU f144 ev[0] ch1=11 0B EC 1B 01 01 11 01 B1 02 55 17 61 19 70 00 01 1E E7 00
     stream@1961 F8 11 80 E4 81 C1 E5 11
EMU f145 ev[0] ch1=11 0A EC 1B 01 01 11 01 B1 02 55 17 61 19 70 00 01 1E E7 00
     stream@1961 F8 11 80 E4 81 C1 E5 11
EMU f146 ev[0] ch1=11 0A EC 1B 01 01 11 01 B1 02 55 17 61 19 70 00 01 1E E7 00
     stream@1961 F8 11 80 E4 81 C1 E5 11
EMU f147 ev[0] ch1=11 0A EC 1B 01 01 11 01 B1 02 55 17 61 19 70 00 01 1E E7 00
     stream@1961 F8 11 80 E4 81 C1 E5 11
EMU f148 ev[0] ch1=11 0A EC 1B 01 01 11 01 B1 02 55 17 61 19 70 00 01 1E E7 00
     stream@1961 F8 11 80 E4 81 C1 E5 11
EMU f149 ev[0] ch1=11 0A EC 1B 01 01 11 01 B1 02 55 17 61 19 70 00 01 1E E7 00
     stream@1961 F8 11 80 E4 81 C1 E5 11
EMU f150 ev[3] ch1=11 09 EC 1B 01 01 11 01 B1 02 55 17 61 19 70 00 01 1E E7 00
     stream@1961 F8 11 80 E4 81 C1 E5 11
EMU f151 ev[0] ch1=11 09 EC 1B 01 01 11 01 B1 02 55 17 61 19 70 00 01 1E E7 00
     stream@1961 F8 11 80 E4 81 C1 E5 11
EMU f152 ev[0] ch1=11 09 EC 1B 01 01 11 01 B1 02 55 17 61 19 70 00 01 1E E7 00
     stream@1961 F8 11 80 E4 81 C1 E5 11
EMU f153 ev[0] ch1=11 09 EC 1B 01 01 11 01 B1 02 55 17 61 19 70 00 01 1E E7 00
     stream@1961 F8 11 80 E4 81 C1 E5 11
EMU f154 ev[0] ch1=11 09 EC 1B 01 01 11 01 B1 02 55 17 61 19 70 00 01 1E E7 00
     stream@1961 F8 11 80 E4 81 C1 E5 11
EMU f155 ev[0] ch1=11 08 EC 1B 01 01 11 01 B1 02 55 17 61 19 70 00 01 1E E7 00
     stream@1961 F8 11 80 E4 81 C1 E5 11
EMU f156 ev[0] ch1=11 08 EC 1B 01 01 11 01 B1 02 55 17 61 19 70 00 01 1E E7 00
     stream@1961 F8 11 80 E4 81 C1 E5 11
EMU f157 ev[0] ch1=11 08 EC 1B 01 01 11 01 B1 02 55 17 61 19 70 00 01 1E E7 00
     stream@1961 F8 11 80 E4 81 C1 E5 11
EMU f158 ev[0] ch1=11 08 EC 1B 01 01 11 01 B1 02 55 17 61 19 70 00 01 1E E7 00
     stream@1961 F8 11 80 E4 81 C1 E5 11
EMU f159 ev[0] ch1=11 08 EC 1B 01 01 11 01 B1 02 55 17 61 19 70 00 01 1E E7 00
     stream@1961 F8 11 80 E4 81 C1 E5 11
EMU f160 ev[1] ch1=11 07 EC 1B 01 01 11 01 B1 02 55 17 61 19 70 00 01 1E E7 00
     stream@1961 F8 11 80 E4 81 C1 E5 11
EMU f161 ev[0] ch1=11 07 EC 1B 01 01 11 01 B1 02 55 17 61 19 70 00 01 1E E7 00
     stream@1961 F8 11 80 E4 81 C1 E5 11
EMU f162 ev[0] ch1=11 07 EC 1B 01 01 11 01 B1 02 55 17 61 19 70 00 01 1E E7 00
     stream@1961 F8 11 80 E4 81 C1 E5 11
EMU f163 ev[0] ch1=11 07 EC 1B 01 01 11 01 B1 02 55 17 61 19 70 00 01 1E E7 00
     stream@1961 F8 11 80 E4 81 C1 E5 11
EMU f164 ev[0] ch1=11 07 EC 1B 01 01 11 01 B1 02 55 17 61 19 70 00 01 1E E7 00
     stream@1961 F8 11 80 E4 81 C1 E5 11
EMU f165 ev[14] ch1=11 06 EC 1B 01 01 11 01 B1 02 55 17 61 19 70 00 01 1E E7 00
     stream@1961 F8 11 80 E4 81 C1 E5 11
EMU f166 ev[0] ch1=11 06 EC 1B 01 01 11 01 B1 02 55 17 61 19 70 00 01 1E E7 00
     stream@1961 F8 11 80 E4 81 C1 E5 11
EMU f167 ev[0] ch1=11 06 EC 1B 01 01 11 01 B1 02 55 17 61 19 70 00 01 1E E7 00
     stream@1961 F8 11 80 E4 81 C1 E5 11
EMU f168 ev[0] ch1=11 06 EC 1B 01 01 11 01 B1 02 55 17 61 19 70 00 01 1E E7 00
     stream@1961 F8 11 80 E4 81 C1 E5 11
EMU f169 ev[0] ch1=11 06 EC 1B 01 01 11 01 B1 02 55 17 61 19 70 00 01 1E E7 00
     stream@1961 F8 11 80 E4 81 C1 E5 11
EMU f170 ev[0] ch1=11 05 EC 1B 01 01 11 01 B1 02 55 17 61 19 70 00 01 1E E7 00
     stream@1961 F8 11 80 E4 81 C1 E5 11
EMU f171 ev[0] ch1=11 05 EC 1B 01 01 11 01 B1 02 55 17 61 19 70 00 01 1E E7 00
     stream@1961 F8 11 80 E4 81 C1 E5 11
EMU f172 ev[0] ch1=11 05 EC 1B 01 01 11 01 B1 02 55 17 61 19 70 00 01 1E E7 00
     stream@1961 F8 11 80 E4 81 C1 E5 11
EMU f173 ev[0] ch1=11 05 EC 1B 01 01 11 01 B1 02 55 17 61 19 70 00 01 1E E7 00
     stream@1961 F8 11 80 E4 81 C1 E5 11
EMU f174 ev[0] ch1=11 05 EC 1B 01 01 11 01 B1 02 55 17 61 19 70 00 01 1E E7 00
     stream@1961 F8 11 80 E4 81 C1 E5 11
EMU f175 ev[14] ch1=11 04 EC 1B 01 01 11 01 B1 02 55 17 61 19 70 00 01 1E E7 00
     stream@1961 F8 11 80 E4 81 C1 E5 11
EMU f176 ev[0] ch1=11 04 EC 1B 01 01 11 01 B1 02 55 17 61 19 70 00 01 1E E7 00
     stream@1961 F8 11 80 E4 81 C1 E5 11
EMU f177 ev[0] ch1=11 04 EC 1B 01 01 11 01 B1 02 55 17 61 19 70 00 01 1E E7 00
     stream@1961 F8 11 80 E4 81 C1 E5 11
EMU f178 ev[0] ch1=11 04 EC 1B 01 01 11 01 B1 02 55 17 61 19 70 00 01 1E E7 00
     stream@1961 F8 11 80 E4 81 C1 E5 11
EMU f179 ev[0] ch1=11 04 EC 1B 01 01 11 01 B1 02 55 17 61 19 70 00 01 1E E7 00
     stream@1961 F8 11 80 E4 81 C1 E5 11
EMU f180 ev[0] ch1=11 03 EC 1B 01 01 11 01 B1 02 55 17 61 19 70 00 01 1E E7 00
     stream@1961 F8 11 80 E4 81 C1 E5 11
EMU f181 ev[0] ch1=11 03 EC 1B 01 01 11 01 B1 02 55 17 61 19 70 00 01 1E E7 00
     stream@1961 F8 11 80 E4 81 C1 E5 11
EMU f182 ev[0] ch1=11 03 EC 1B 01 01 11 01 B1 02 55 17 61 19 70 00 01 1E E7 00
     stream@1961 F8 11 80 E4 81 C1 E5 11
EMU f183 ev[0] ch1=11 03 EC 1B 01 01 11 01 B1 02 55 17 61 19 70 00 01 1E E7 00
     stream@1961 F8 11 80 E4 81 C1 E5 11
EMU f184 ev[0] ch1=11 03 EC 1B 01 01 11 01 B1 02 55 17 61 19 70 00 01 1E E7 00
     stream@1961 F8 11 80 E4 81 C1 E5 11
EMU f185 ev[0] ch1=11 02 EC 1B 01 01 11 01 B1 02 55 17 61 19 70 00 01 1E E7 00
     stream@1961 F8 11 80 E4 81 C1 E5 11
EMU f186 ev[0] ch1=11 02 EC 1B 01 01 11 01 B1 02 55 17 61 19 70 00 01 1E E7 00
     stream@1961 F8 11 80 E4 81 C1 E5 11
EMU f187 ev[0] ch1=11 02 EC 1B 01 01 11 01 B1 02 55 17 61 19 70 00 01 1E E7 00
     stream@1961 F8 11 80 E4 81 C1 E5 11
EMU f188 ev[0] ch1=11 02 EC 1B 01 01 11 01 B1 02 55 17 61 19 70 00 01 1E E7 00
     stream@1961 F8 11 80 E4 81 C1 E5 11
EMU f189 ev[0] ch1=11 02 EC 1B 01 01 11 01 B1 02 55 17 61 19 70 00 01 1E E7 00
     stream@1961 F8 11 80 E4 81 C1 E5 11
EMU f190 ev[14] ch1=11 01 EC 1B 01 01 11 01 B1 02 55 17 61 19 70 00 01 1E E7 00
     stream@1961 F8 11 80 E4 81 C1 E5 11
EMU f191 ev[0] ch1=11 01 EC 1B 01 01 11 01 B1 02 55 17 61 19 70 00 01 1E E7 00
     stream@1961 F8 11 80 E4 81 C1 E5 11
EMU f192 ev[0] ch1=11 01 EC 1B 01 01 11 01 B1 02 55 17 61 19 70 00 01 1E E7 00
     stream@1961 F8 11 80 E4 81 C1 E5 11
EMU f193 ev[0] ch1=11 01 EC 1B 01 01 11 01 B1 02 55 17 61 19 70 00 01 1E E7 00
     stream@1961 F8 11 80 E4 81 C1 E5 11
EMU f194 ev[0] ch1=11 01 EC 1B 01 01 11 01 B1 02 55 17 61 19 70 00 01 1E E7 00
     stream@1961 F8 11 80 E4 81 C1 E5 11
EMU f195 ev[3] ch1=11 19 EC 1B 01 01 11 01 B1 02 55 17 63 19 70 00 01 19 E7 00
     stream@1963 80 E4 81 C1 E5 11 C2 F7
EMU f196 ev[0] ch1=11 19 EC 1B 01 01 11 01 B1 02 55 17 63 19 70 00 01 19 E7 00
     stream@1963 80 E4 81 C1 E5 11 C2 F7
EMU f197 ev[0] ch1=11 19 EC 1B 01 01 11 01 B1 02 55 17 63 19 70 00 01 19 E7 00
     stream@1963 80 E4 81 C1 E5 11 C2 F7
EMU f198 ev[0] ch1=11 19 EC 1B 01 01 11 01 B1 02 55 17 63 19 70 00 01 19 E7 00
     stream@1963 80 E4 81 C1 E5 11 C2 F7
EMU f199 ev[0] ch1=11 19 EC 1B 01 01 11 01 B1 02 55 17 63 19 70 00 01 19 E7 00
     stream@1963 80 E4 81 C1 E5 11 C2 F7
PY  f000 ev[29] ch1=00 09 00 00 00 01 11 01 B1 00 55 17 5E 19 00 00 01 09 00 00
     stream@195E C1 FD 11 F8 11 80 E4 81
PY  f001 ev[0] ch1=00 09 00 00 00 01 11 01 B1 00 55 17 5E 19 00 00 01 09 00 00
     stream@195E C1 FD 11 F8 11 80 E4 81
PY  f002 ev[0] ch1=00 09 00 00 00 01 11 01 B1 00 55 17 5E 19 00 00 01 09 00 00
     stream@195E C1 FD 11 F8 11 80 E4 81
PY  f003 ev[0] ch1=00 09 00 00 00 01 11 01 B1 00 55 17 5E 19 00 00 01 09 00 00
     stream@195E C1 FD 11 F8 11 80 E4 81
PY  f004 ev[0] ch1=00 09 00 00 00 01 11 01 B1 00 55 17 5E 19 00 00 01 09 00 00
     stream@195E C1 FD 11 F8 11 80 E4 81
PY  f005 ev[0] ch1=00 08 00 00 00 01 11 01 B1 00 55 17 5E 19 00 00 01 09 00 00
     stream@195E C1 FD 11 F8 11 80 E4 81
PY  f006 ev[0] ch1=00 08 00 00 00 01 11 01 B1 00 55 17 5E 19 00 00 01 09 00 00
     stream@195E C1 FD 11 F8 11 80 E4 81
PY  f007 ev[0] ch1=00 08 00 00 00 01 11 01 B1 00 55 17 5E 19 00 00 01 09 00 00
     stream@195E C1 FD 11 F8 11 80 E4 81
PY  f008 ev[0] ch1=00 08 00 00 00 01 11 01 B1 00 55 17 5E 19 00 00 01 09 00 00
     stream@195E C1 FD 11 F8 11 80 E4 81
PY  f009 ev[0] ch1=00 08 00 00 00 01 11 01 B1 00 55 17 5E 19 00 00 01 09 00 00
     stream@195E C1 FD 11 F8 11 80 E4 81
PY  f010 ev[0] ch1=00 07 00 00 00 01 11 01 B1 00 55 17 5E 19 00 00 01 09 00 00
     stream@195E C1 FD 11 F8 11 80 E4 81
PY  f011 ev[0] ch1=00 07 00 00 00 01 11 01 B1 00 55 17 5E 19 00 00 01 09 00 00
     stream@195E C1 FD 11 F8 11 80 E4 81
PY  f012 ev[0] ch1=00 07 00 00 00 01 11 01 B1 00 55 17 5E 19 00 00 01 09 00 00
     stream@195E C1 FD 11 F8 11 80 E4 81
PY  f013 ev[0] ch1=00 07 00 00 00 01 11 01 B1 00 55 17 5E 19 00 00 01 09 00 00
     stream@195E C1 FD 11 F8 11 80 E4 81
PY  f014 ev[0] ch1=00 07 00 00 00 01 11 01 B1 00 55 17 5E 19 00 00 01 09 00 00
     stream@195E C1 FD 11 F8 11 80 E4 81
PY  f015 ev[14] ch1=00 06 00 00 00 01 11 01 B1 00 55 17 5E 19 00 00 01 09 00 00
     stream@195E C1 FD 11 F8 11 80 E4 81
PY  f016 ev[0] ch1=00 06 00 00 00 01 11 01 B1 00 55 17 5E 19 00 00 01 09 00 00
     stream@195E C1 FD 11 F8 11 80 E4 81
PY  f017 ev[0] ch1=00 06 00 00 00 01 11 01 B1 00 55 17 5E 19 00 00 01 09 00 00
     stream@195E C1 FD 11 F8 11 80 E4 81
PY  f018 ev[0] ch1=00 06 00 00 00 01 11 01 B1 00 55 17 5E 19 00 00 01 09 00 00
     stream@195E C1 FD 11 F8 11 80 E4 81
PY  f019 ev[0] ch1=00 06 00 00 00 01 11 01 B1 00 55 17 5E 19 00 00 01 09 00 00
     stream@195E C1 FD 11 F8 11 80 E4 81
PY  f020 ev[0] ch1=00 05 00 00 00 01 11 01 B1 00 55 17 5E 19 00 00 01 09 00 00
     stream@195E C1 FD 11 F8 11 80 E4 81
PY  f021 ev[0] ch1=00 05 00 00 00 01 11 01 B1 00 55 17 5E 19 00 00 01 09 00 00
     stream@195E C1 FD 11 F8 11 80 E4 81
PY  f022 ev[0] ch1=00 05 00 00 00 01 11 01 B1 00 55 17 5E 19 00 00 01 09 00 00
     stream@195E C1 FD 11 F8 11 80 E4 81
PY  f023 ev[0] ch1=00 05 00 00 00 01 11 01 B1 00 55 17 5E 19 00 00 01 09 00 00
     stream@195E C1 FD 11 F8 11 80 E4 81
PY  f024 ev[0] ch1=00 05 00 00 00 01 11 01 B1 00 55 17 5E 19 00 00 01 09 00 00
     stream@195E C1 FD 11 F8 11 80 E4 81
PY  f025 ev[14] ch1=00 04 00 00 00 01 11 01 B1 00 55 17 5E 19 00 00 01 09 00 00
     stream@195E C1 FD 11 F8 11 80 E4 81
PY  f026 ev[0] ch1=00 04 00 00 00 01 11 01 B1 00 55 17 5E 19 00 00 01 09 00 00
     stream@195E C1 FD 11 F8 11 80 E4 81
PY  f027 ev[0] ch1=00 04 00 00 00 01 11 01 B1 00 55 17 5E 19 00 00 01 09 00 00
     stream@195E C1 FD 11 F8 11 80 E4 81
PY  f028 ev[0] ch1=00 04 00 00 00 01 11 01 B1 00 55 17 5E 19 00 00 01 09 00 00
     stream@195E C1 FD 11 F8 11 80 E4 81
PY  f029 ev[0] ch1=00 04 00 00 00 01 11 01 B1 00 55 17 5E 19 00 00 01 09 00 00
     stream@195E C1 FD 11 F8 11 80 E4 81
PY  f030 ev[0] ch1=00 03 00 00 00 01 11 01 B1 00 55 17 5E 19 00 00 01 09 00 00
     stream@195E C1 FD 11 F8 11 80 E4 81
PY  f031 ev[0] ch1=00 03 00 00 00 01 11 01 B1 00 55 17 5E 19 00 00 01 09 00 00
     stream@195E C1 FD 11 F8 11 80 E4 81
PY  f032 ev[0] ch1=00 03 00 00 00 01 11 01 B1 00 55 17 5E 19 00 00 01 09 00 00
     stream@195E C1 FD 11 F8 11 80 E4 81
PY  f033 ev[0] ch1=00 03 00 00 00 01 11 01 B1 00 55 17 5E 19 00 00 01 09 00 00
     stream@195E C1 FD 11 F8 11 80 E4 81
PY  f034 ev[0] ch1=00 03 00 00 00 01 11 01 B1 00 55 17 5E 19 00 00 01 09 00 00
     stream@195E C1 FD 11 F8 11 80 E4 81
PY  f035 ev[0] ch1=00 02 00 00 00 01 11 01 B1 00 55 17 5E 19 00 00 01 09 00 00
     stream@195E C1 FD 11 F8 11 80 E4 81
PY  f036 ev[0] ch1=00 02 00 00 00 01 11 01 B1 00 55 17 5E 19 00 00 01 09 00 00
     stream@195E C1 FD 11 F8 11 80 E4 81
PY  f037 ev[0] ch1=00 02 00 00 00 01 11 01 B1 00 55 17 5E 19 00 00 01 09 00 00
     stream@195E C1 FD 11 F8 11 80 E4 81
PY  f038 ev[0] ch1=00 02 00 00 00 01 11 01 B1 00 55 17 5E 19 00 00 01 09 00 00
     stream@195E C1 FD 11 F8 11 80 E4 81
PY  f039 ev[0] ch1=00 02 00 00 00 01 11 01 B1 00 55 17 5E 19 00 00 01 09 00 00
     stream@195E C1 FD 11 F8 11 80 E4 81
PY  f040 ev[14] ch1=00 01 00 00 00 01 11 01 B1 00 55 17 5E 19 00 00 01 09 00 00
     stream@195E C1 FD 11 F8 11 80 E4 81
PY  f041 ev[0] ch1=00 01 00 00 00 01 11 01 B1 00 55 17 5E 19 00 00 01 09 00 00
     stream@195E C1 FD 11 F8 11 80 E4 81
PY  f042 ev[0] ch1=00 01 00 00 00 01 11 01 B1 00 55 17 5E 19 00 00 01 09 00 00
     stream@195E C1 FD 11 F8 11 80 E4 81
PY  f043 ev[0] ch1=00 01 00 00 00 01 11 01 B1 00 55 17 5E 19 00 00 01 09 00 00
     stream@195E C1 FD 11 F8 11 80 E4 81
PY  f044 ev[0] ch1=00 01 00 00 00 01 11 01 B1 00 55 17 5E 19 00 00 01 09 00 00
     stream@195E C1 FD 11 F8 11 80 E4 81
PY  f045 ev[14] ch1=11 1E EC 1B 01 01 11 01 B1 00 55 17 61 19 70 00 01 1E E7 00
     stream@1961 F8 11 80 E4 81 C1 E5 11
PY  f046 ev[0] ch1=11 1E EC 1B 01 01 11 01 B1 00 55 17 61 19 70 00 01 1E E7 00
     stream@1961 F8 11 80 E4 81 C1 E5 11
PY  f047 ev[0] ch1=11 1E EC 1B 01 01 11 01 B1 00 55 17 61 19 70 00 01 1E E7 00
     stream@1961 F8 11 80 E4 81 C1 E5 11
PY  f048 ev[0] ch1=11 1E EC 1B 01 01 11 01 B1 00 55 17 61 19 70 00 01 1E E7 00
     stream@1961 F8 11 80 E4 81 C1 E5 11
PY  f049 ev[0] ch1=11 1E EC 1B 01 01 11 01 B1 00 55 17 61 19 70 00 01 1E E7 00
     stream@1961 F8 11 80 E4 81 C1 E5 11
PY  f050 ev[14] ch1=11 1D EC 1B 01 01 11 01 B1 00 55 17 61 19 70 00 01 1E E7 00
     stream@1961 F8 11 80 E4 81 C1 E5 11
PY  f051 ev[0] ch1=11 1D EC 1B 01 01 11 01 B1 00 55 17 61 19 70 00 01 1E E7 00
     stream@1961 F8 11 80 E4 81 C1 E5 11
PY  f052 ev[0] ch1=11 1D EC 1B 01 01 11 01 B1 00 55 17 61 19 70 00 01 1E E7 00
     stream@1961 F8 11 80 E4 81 C1 E5 11
PY  f053 ev[0] ch1=11 1D EC 1B 01 01 11 01 B1 00 55 17 61 19 70 00 01 1E E7 00
     stream@1961 F8 11 80 E4 81 C1 E5 11
PY  f054 ev[0] ch1=11 1D EC 1B 01 01 11 01 B1 00 55 17 61 19 70 00 01 1E E7 00
     stream@1961 F8 11 80 E4 81 C1 E5 11
PY  f055 ev[0] ch1=11 1C EC 1B 01 01 11 01 B1 00 55 17 61 19 70 00 01 1E E7 00
     stream@1961 F8 11 80 E4 81 C1 E5 11
PY  f056 ev[0] ch1=11 1C EC 1B 01 01 11 01 B1 00 55 17 61 19 70 00 01 1E E7 00
     stream@1961 F8 11 80 E4 81 C1 E5 11
PY  f057 ev[0] ch1=11 1C EC 1B 01 01 11 01 B1 00 55 17 61 19 70 00 01 1E E7 00
     stream@1961 F8 11 80 E4 81 C1 E5 11
PY  f058 ev[0] ch1=11 1C EC 1B 01 01 11 01 B1 00 55 17 61 19 70 00 01 1E E7 00
     stream@1961 F8 11 80 E4 81 C1 E5 11
PY  f059 ev[0] ch1=11 1C EC 1B 01 01 11 01 B1 00 55 17 61 19 70 00 01 1E E7 00
     stream@1961 F8 11 80 E4 81 C1 E5 11
PY  f060 ev[0] ch1=11 1B EC 1B 01 01 11 01 B1 00 55 17 61 19 70 00 01 1E E7 00
     stream@1961 F8 11 80 E4 81 C1 E5 11
PY  f061 ev[0] ch1=11 1B EC 1B 01 01 11 01 B1 00 55 17 61 19 70 00 01 1E E7 00
     stream@1961 F8 11 80 E4 81 C1 E5 11
PY  f062 ev[0] ch1=11 1B EC 1B 01 01 11 01 B1 00 55 17 61 19 70 00 01 1E E7 00
     stream@1961 F8 11 80 E4 81 C1 E5 11
PY  f063 ev[0] ch1=11 1B EC 1B 01 01 11 01 B1 00 55 17 61 19 70 00 01 1E E7 00
     stream@1961 F8 11 80 E4 81 C1 E5 11
PY  f064 ev[0] ch1=11 1B EC 1B 01 01 11 01 B1 00 55 17 61 19 70 00 01 1E E7 00
     stream@1961 F8 11 80 E4 81 C1 E5 11
PY  f065 ev[14] ch1=11 1A EC 1B 01 01 11 01 B1 00 55 17 61 19 70 00 01 1E E7 00
     stream@1961 F8 11 80 E4 81 C1 E5 11
PY  f066 ev[0] ch1=11 1A EC 1B 01 01 11 01 B1 00 55 17 61 19 70 00 01 1E E7 00
     stream@1961 F8 11 80 E4 81 C1 E5 11
PY  f067 ev[0] ch1=11 1A EC 1B 01 01 11 01 B1 00 55 17 61 19 70 00 01 1E E7 00
     stream@1961 F8 11 80 E4 81 C1 E5 11
PY  f068 ev[0] ch1=11 1A EC 1B 01 01 11 01 B1 00 55 17 61 19 70 00 01 1E E7 00
     stream@1961 F8 11 80 E4 81 C1 E5 11
PY  f069 ev[0] ch1=11 1A EC 1B 01 01 11 01 B1 00 55 17 61 19 70 00 01 1E E7 00
     stream@1961 F8 11 80 E4 81 C1 E5 11
PY  f070 ev[0] ch1=11 19 EC 1B 01 01 11 01 B1 00 55 17 61 19 70 00 01 1E E7 00
     stream@1961 F8 11 80 E4 81 C1 E5 11
PY  f071 ev[0] ch1=11 19 EC 1B 01 01 11 01 B1 00 55 17 61 19 70 00 01 1E E7 00
     stream@1961 F8 11 80 E4 81 C1 E5 11
PY  f072 ev[0] ch1=11 19 EC 1B 01 01 11 01 B1 00 55 17 61 19 70 00 01 1E E7 00
     stream@1961 F8 11 80 E4 81 C1 E5 11
PY  f073 ev[0] ch1=11 19 EC 1B 01 01 11 01 B1 00 55 17 61 19 70 00 01 1E E7 00
     stream@1961 F8 11 80 E4 81 C1 E5 11
PY  f074 ev[0] ch1=11 19 EC 1B 01 01 11 01 B1 00 55 17 61 19 70 00 01 1E E7 00
     stream@1961 F8 11 80 E4 81 C1 E5 11
PY  f075 ev[3] ch1=11 18 EC 1B 01 01 11 01 B1 00 55 17 61 19 70 00 01 1E E7 00
     stream@1961 F8 11 80 E4 81 C1 E5 11
PY  f076 ev[0] ch1=11 18 EC 1B 01 01 11 01 B1 00 55 17 61 19 70 00 01 1E E7 00
     stream@1961 F8 11 80 E4 81 C1 E5 11
PY  f077 ev[0] ch1=11 18 EC 1B 01 01 11 01 B1 00 55 17 61 19 70 00 01 1E E7 00
     stream@1961 F8 11 80 E4 81 C1 E5 11
PY  f078 ev[0] ch1=11 18 EC 1B 01 01 11 01 B1 00 55 17 61 19 70 00 01 1E E7 00
     stream@1961 F8 11 80 E4 81 C1 E5 11
PY  f079 ev[0] ch1=11 18 EC 1B 01 01 11 01 B1 00 55 17 61 19 70 00 01 1E E7 00
     stream@1961 F8 11 80 E4 81 C1 E5 11
PY  f080 ev[0] ch1=11 17 EC 1B 01 01 11 01 B1 00 55 17 61 19 70 00 01 1E E7 00
     stream@1961 F8 11 80 E4 81 C1 E5 11
PY  f081 ev[0] ch1=11 17 EC 1B 01 01 11 01 B1 00 55 17 61 19 70 00 01 1E E7 00
     stream@1961 F8 11 80 E4 81 C1 E5 11
PY  f082 ev[0] ch1=11 17 EC 1B 01 01 11 01 B1 00 55 17 61 19 70 00 01 1E E7 00
     stream@1961 F8 11 80 E4 81 C1 E5 11
PY  f083 ev[0] ch1=11 17 EC 1B 01 01 11 01 B1 00 55 17 61 19 70 00 01 1E E7 00
     stream@1961 F8 11 80 E4 81 C1 E5 11
PY  f084 ev[0] ch1=11 17 EC 1B 01 01 11 01 B1 00 55 17 61 19 70 00 01 1E E7 00
     stream@1961 F8 11 80 E4 81 C1 E5 11
PY  f085 ev[0] ch1=11 16 EC 1B 01 01 11 01 B1 00 55 17 61 19 70 00 01 1E E7 00
     stream@1961 F8 11 80 E4 81 C1 E5 11
PY  f086 ev[0] ch1=11 16 EC 1B 01 01 11 01 B1 00 55 17 61 19 70 00 01 1E E7 00
     stream@1961 F8 11 80 E4 81 C1 E5 11
PY  f087 ev[0] ch1=11 16 EC 1B 01 01 11 01 B1 00 55 17 61 19 70 00 01 1E E7 00
     stream@1961 F8 11 80 E4 81 C1 E5 11
PY  f088 ev[0] ch1=11 16 EC 1B 01 01 11 01 B1 00 55 17 61 19 70 00 01 1E E7 00
     stream@1961 F8 11 80 E4 81 C1 E5 11
PY  f089 ev[0] ch1=11 16 EC 1B 01 01 11 01 B1 00 55 17 61 19 70 00 01 1E E7 00
     stream@1961 F8 11 80 E4 81 C1 E5 11
PY  f090 ev[14] ch1=11 15 EC 1B 01 01 11 01 B1 00 55 17 61 19 70 00 01 1E E7 00
     stream@1961 F8 11 80 E4 81 C1 E5 11
PY  f091 ev[0] ch1=11 15 EC 1B 01 01 11 01 B1 00 55 17 61 19 70 00 01 1E E7 00
     stream@1961 F8 11 80 E4 81 C1 E5 11
PY  f092 ev[0] ch1=11 15 EC 1B 01 01 11 01 B1 00 55 17 61 19 70 00 01 1E E7 00
     stream@1961 F8 11 80 E4 81 C1 E5 11
PY  f093 ev[0] ch1=11 15 EC 1B 01 01 11 01 B1 00 55 17 61 19 70 00 01 1E E7 00
     stream@1961 F8 11 80 E4 81 C1 E5 11
PY  f094 ev[0] ch1=11 15 EC 1B 01 01 11 01 B1 00 55 17 61 19 70 00 01 1E E7 00
     stream@1961 F8 11 80 E4 81 C1 E5 11
PY  f095 ev[0] ch1=11 14 EC 1B 01 01 11 01 B1 00 55 17 61 19 70 00 01 1E E7 00
     stream@1961 F8 11 80 E4 81 C1 E5 11
PY  f096 ev[0] ch1=11 14 EC 1B 01 01 11 01 B1 00 55 17 61 19 70 00 01 1E E7 00
     stream@1961 F8 11 80 E4 81 C1 E5 11
PY  f097 ev[0] ch1=11 14 EC 1B 01 01 11 01 B1 00 55 17 61 19 70 00 01 1E E7 00
     stream@1961 F8 11 80 E4 81 C1 E5 11
PY  f098 ev[0] ch1=11 14 EC 1B 01 01 11 01 B1 00 55 17 61 19 70 00 01 1E E7 00
     stream@1961 F8 11 80 E4 81 C1 E5 11
PY  f099 ev[0] ch1=11 14 EC 1B 01 01 11 01 B1 00 55 17 61 19 70 00 01 1E E7 00
     stream@1961 F8 11 80 E4 81 C1 E5 11
PY  f100 ev[14] ch1=11 13 EC 1B 01 01 11 01 B1 00 55 17 61 19 70 00 01 1E E7 00
     stream@1961 F8 11 80 E4 81 C1 E5 11
PY  f101 ev[0] ch1=11 13 EC 1B 01 01 11 01 B1 00 55 17 61 19 70 00 01 1E E7 00
     stream@1961 F8 11 80 E4 81 C1 E5 11
PY  f102 ev[0] ch1=11 13 EC 1B 01 01 11 01 B1 00 55 17 61 19 70 00 01 1E E7 00
     stream@1961 F8 11 80 E4 81 C1 E5 11
PY  f103 ev[0] ch1=11 13 EC 1B 01 01 11 01 B1 00 55 17 61 19 70 00 01 1E E7 00
     stream@1961 F8 11 80 E4 81 C1 E5 11
PY  f104 ev[0] ch1=11 13 EC 1B 01 01 11 01 B1 00 55 17 61 19 70 00 01 1E E7 00
     stream@1961 F8 11 80 E4 81 C1 E5 11
PY  f105 ev[0] ch1=11 12 EC 1B 01 01 11 01 B1 00 55 17 61 19 70 00 01 1E E7 00
     stream@1961 F8 11 80 E4 81 C1 E5 11
PY  f106 ev[0] ch1=11 12 EC 1B 01 01 11 01 B1 00 55 17 61 19 70 00 01 1E E7 00
     stream@1961 F8 11 80 E4 81 C1 E5 11
PY  f107 ev[0] ch1=11 12 EC 1B 01 01 11 01 B1 00 55 17 61 19 70 00 01 1E E7 00
     stream@1961 F8 11 80 E4 81 C1 E5 11
PY  f108 ev[0] ch1=11 12 EC 1B 01 01 11 01 B1 00 55 17 61 19 70 00 01 1E E7 00
     stream@1961 F8 11 80 E4 81 C1 E5 11
PY  f109 ev[0] ch1=11 12 EC 1B 01 01 11 01 B1 00 55 17 61 19 70 00 01 1E E7 00
     stream@1961 F8 11 80 E4 81 C1 E5 11
PY  f110 ev[0] ch1=11 11 EC 1B 01 01 11 01 B1 00 55 17 61 19 70 00 01 1E E7 00
     stream@1961 F8 11 80 E4 81 C1 E5 11
PY  f111 ev[0] ch1=11 11 EC 1B 01 01 11 01 B1 00 55 17 61 19 70 00 01 1E E7 00
     stream@1961 F8 11 80 E4 81 C1 E5 11
PY  f112 ev[0] ch1=11 11 EC 1B 01 01 11 01 B1 00 55 17 61 19 70 00 01 1E E7 00
     stream@1961 F8 11 80 E4 81 C1 E5 11
PY  f113 ev[0] ch1=11 11 EC 1B 01 01 11 01 B1 00 55 17 61 19 70 00 01 1E E7 00
     stream@1961 F8 11 80 E4 81 C1 E5 11
PY  f114 ev[0] ch1=11 11 EC 1B 01 01 11 01 B1 00 55 17 61 19 70 00 01 1E E7 00
     stream@1961 F8 11 80 E4 81 C1 E5 11
PY  f115 ev[14] ch1=11 10 EC 1B 01 01 11 01 B1 00 55 17 61 19 70 00 01 1E E7 00
     stream@1961 F8 11 80 E4 81 C1 E5 11
PY  f116 ev[0] ch1=11 10 EC 1B 01 01 11 01 B1 00 55 17 61 19 70 00 01 1E E7 00
     stream@1961 F8 11 80 E4 81 C1 E5 11
PY  f117 ev[0] ch1=11 10 EC 1B 01 01 11 01 B1 00 55 17 61 19 70 00 01 1E E7 00
     stream@1961 F8 11 80 E4 81 C1 E5 11
PY  f118 ev[0] ch1=11 10 EC 1B 01 01 11 01 B1 00 55 17 61 19 70 00 01 1E E7 00
     stream@1961 F8 11 80 E4 81 C1 E5 11
PY  f119 ev[0] ch1=11 10 EC 1B 01 01 11 01 B1 00 55 17 61 19 70 00 01 1E E7 00
     stream@1961 F8 11 80 E4 81 C1 E5 11
PY  f120 ev[0] ch1=11 0F EC 1B 01 01 11 01 B1 00 55 17 61 19 70 00 01 1E E7 00
     stream@1961 F8 11 80 E4 81 C1 E5 11
PY  f121 ev[0] ch1=11 0F EC 1B 01 01 11 01 B1 00 55 17 61 19 70 00 01 1E E7 00
     stream@1961 F8 11 80 E4 81 C1 E5 11
PY  f122 ev[0] ch1=11 0F EC 1B 01 01 11 01 B1 00 55 17 61 19 70 00 01 1E E7 00
     stream@1961 F8 11 80 E4 81 C1 E5 11
PY  f123 ev[0] ch1=11 0F EC 1B 01 01 11 01 B1 00 55 17 61 19 70 00 01 1E E7 00
     stream@1961 F8 11 80 E4 81 C1 E5 11
PY  f124 ev[0] ch1=11 0F EC 1B 01 01 11 01 B1 00 55 17 61 19 70 00 01 1E E7 00
     stream@1961 F8 11 80 E4 81 C1 E5 11
PY  f125 ev[14] ch1=11 0E EC 1B 01 01 11 01 B1 00 55 17 61 19 70 00 01 1E E7 00
     stream@1961 F8 11 80 E4 81 C1 E5 11
PY  f126 ev[0] ch1=11 0E EC 1B 01 01 11 01 B1 00 55 17 61 19 70 00 01 1E E7 00
     stream@1961 F8 11 80 E4 81 C1 E5 11
PY  f127 ev[0] ch1=11 0E EC 1B 01 01 11 01 B1 00 55 17 61 19 70 00 01 1E E7 00
     stream@1961 F8 11 80 E4 81 C1 E5 11
PY  f128 ev[0] ch1=11 0E EC 1B 01 01 11 01 B1 00 55 17 61 19 70 00 01 1E E7 00
     stream@1961 F8 11 80 E4 81 C1 E5 11
PY  f129 ev[0] ch1=11 0E EC 1B 01 01 11 01 B1 00 55 17 61 19 70 00 01 1E E7 00
     stream@1961 F8 11 80 E4 81 C1 E5 11
PY  f130 ev[0] ch1=11 0D EC 1B 01 01 11 01 B1 00 55 17 61 19 70 00 01 1E E7 00
     stream@1961 F8 11 80 E4 81 C1 E5 11
PY  f131 ev[0] ch1=11 0D EC 1B 01 01 11 01 B1 00 55 17 61 19 70 00 01 1E E7 00
     stream@1961 F8 11 80 E4 81 C1 E5 11
PY  f132 ev[0] ch1=11 0D EC 1B 01 01 11 01 B1 00 55 17 61 19 70 00 01 1E E7 00
     stream@1961 F8 11 80 E4 81 C1 E5 11
PY  f133 ev[0] ch1=11 0D EC 1B 01 01 11 01 B1 00 55 17 61 19 70 00 01 1E E7 00
     stream@1961 F8 11 80 E4 81 C1 E5 11
PY  f134 ev[0] ch1=11 0D EC 1B 01 01 11 01 B1 00 55 17 61 19 70 00 01 1E E7 00
     stream@1961 F8 11 80 E4 81 C1 E5 11
PY  f135 ev[0] ch1=11 0C EC 1B 01 01 11 01 B1 00 55 17 61 19 70 00 01 1E E7 00
     stream@1961 F8 11 80 E4 81 C1 E5 11
PY  f136 ev[0] ch1=11 0C EC 1B 01 01 11 01 B1 00 55 17 61 19 70 00 01 1E E7 00
     stream@1961 F8 11 80 E4 81 C1 E5 11
PY  f137 ev[0] ch1=11 0C EC 1B 01 01 11 01 B1 00 55 17 61 19 70 00 01 1E E7 00
     stream@1961 F8 11 80 E4 81 C1 E5 11
PY  f138 ev[0] ch1=11 0C EC 1B 01 01 11 01 B1 00 55 17 61 19 70 00 01 1E E7 00
     stream@1961 F8 11 80 E4 81 C1 E5 11
PY  f139 ev[0] ch1=11 0C EC 1B 01 01 11 01 B1 00 55 17 61 19 70 00 01 1E E7 00
     stream@1961 F8 11 80 E4 81 C1 E5 11
PY  f140 ev[3] ch1=11 0B EC 1B 01 01 11 01 B1 00 55 17 61 19 70 00 01 1E E7 00
     stream@1961 F8 11 80 E4 81 C1 E5 11
PY  f141 ev[0] ch1=11 0B EC 1B 01 01 11 01 B1 00 55 17 61 19 70 00 01 1E E7 00
     stream@1961 F8 11 80 E4 81 C1 E5 11
PY  f142 ev[0] ch1=11 0B EC 1B 01 01 11 01 B1 00 55 17 61 19 70 00 01 1E E7 00
     stream@1961 F8 11 80 E4 81 C1 E5 11
PY  f143 ev[0] ch1=11 0B EC 1B 01 01 11 01 B1 00 55 17 61 19 70 00 01 1E E7 00
     stream@1961 F8 11 80 E4 81 C1 E5 11
PY  f144 ev[0] ch1=11 0B EC 1B 01 01 11 01 B1 00 55 17 61 19 70 00 01 1E E7 00
     stream@1961 F8 11 80 E4 81 C1 E5 11
PY  f145 ev[0] ch1=11 0A EC 1B 01 01 11 01 B1 00 55 17 61 19 70 00 01 1E E7 00
     stream@1961 F8 11 80 E4 81 C1 E5 11
PY  f146 ev[0] ch1=11 0A EC 1B 01 01 11 01 B1 00 55 17 61 19 70 00 01 1E E7 00
     stream@1961 F8 11 80 E4 81 C1 E5 11
PY  f147 ev[0] ch1=11 0A EC 1B 01 01 11 01 B1 00 55 17 61 19 70 00 01 1E E7 00
     stream@1961 F8 11 80 E4 81 C1 E5 11
PY  f148 ev[0] ch1=11 0A EC 1B 01 01 11 01 B1 00 55 17 61 19 70 00 01 1E E7 00
     stream@1961 F8 11 80 E4 81 C1 E5 11
PY  f149 ev[0] ch1=11 0A EC 1B 01 01 11 01 B1 00 55 17 61 19 70 00 01 1E E7 00
     stream@1961 F8 11 80 E4 81 C1 E5 11
PY  f150 ev[3] ch1=11 09 EC 1B 01 01 11 01 B1 00 55 17 61 19 70 00 01 1E E7 00
     stream@1961 F8 11 80 E4 81 C1 E5 11
PY  f151 ev[0] ch1=11 09 EC 1B 01 01 11 01 B1 00 55 17 61 19 70 00 01 1E E7 00
     stream@1961 F8 11 80 E4 81 C1 E5 11
PY  f152 ev[0] ch1=11 09 EC 1B 01 01 11 01 B1 00 55 17 61 19 70 00 01 1E E7 00
     stream@1961 F8 11 80 E4 81 C1 E5 11
PY  f153 ev[0] ch1=11 09 EC 1B 01 01 11 01 B1 00 55 17 61 19 70 00 01 1E E7 00
     stream@1961 F8 11 80 E4 81 C1 E5 11
PY  f154 ev[0] ch1=11 09 EC 1B 01 01 11 01 B1 00 55 17 61 19 70 00 01 1E E7 00
     stream@1961 F8 11 80 E4 81 C1 E5 11
PY  f155 ev[0] ch1=11 08 EC 1B 01 01 11 01 B1 00 55 17 61 19 70 00 01 1E E7 00
     stream@1961 F8 11 80 E4 81 C1 E5 11
PY  f156 ev[0] ch1=11 08 EC 1B 01 01 11 01 B1 00 55 17 61 19 70 00 01 1E E7 00
     stream@1961 F8 11 80 E4 81 C1 E5 11
PY  f157 ev[0] ch1=11 08 EC 1B 01 01 11 01 B1 00 55 17 61 19 70 00 01 1E E7 00
     stream@1961 F8 11 80 E4 81 C1 E5 11
PY  f158 ev[0] ch1=11 08 EC 1B 01 01 11 01 B1 00 55 17 61 19 70 00 01 1E E7 00
     stream@1961 F8 11 80 E4 81 C1 E5 11
PY  f159 ev[0] ch1=11 08 EC 1B 01 01 11 01 B1 00 55 17 61 19 70 00 01 1E E7 00
     stream@1961 F8 11 80 E4 81 C1 E5 11
PY  f160 ev[1] ch1=11 07 EC 1B 01 01 11 01 B1 00 55 17 61 19 70 00 01 1E E7 00
     stream@1961 F8 11 80 E4 81 C1 E5 11
PY  f161 ev[0] ch1=11 07 EC 1B 01 01 11 01 B1 00 55 17 61 19 70 00 01 1E E7 00
     stream@1961 F8 11 80 E4 81 C1 E5 11
PY  f162 ev[0] ch1=11 07 EC 1B 01 01 11 01 B1 00 55 17 61 19 70 00 01 1E E7 00
     stream@1961 F8 11 80 E4 81 C1 E5 11
PY  f163 ev[0] ch1=11 07 EC 1B 01 01 11 01 B1 00 55 17 61 19 70 00 01 1E E7 00
     stream@1961 F8 11 80 E4 81 C1 E5 11
PY  f164 ev[0] ch1=11 07 EC 1B 01 01 11 01 B1 00 55 17 61 19 70 00 01 1E E7 00
     stream@1961 F8 11 80 E4 81 C1 E5 11
PY  f165 ev[14] ch1=11 06 EC 1B 01 01 11 01 B1 00 55 17 61 19 70 00 01 1E E7 00
     stream@1961 F8 11 80 E4 81 C1 E5 11
PY  f166 ev[0] ch1=11 06 EC 1B 01 01 11 01 B1 00 55 17 61 19 70 00 01 1E E7 00
     stream@1961 F8 11 80 E4 81 C1 E5 11
PY  f167 ev[0] ch1=11 06 EC 1B 01 01 11 01 B1 00 55 17 61 19 70 00 01 1E E7 00
     stream@1961 F8 11 80 E4 81 C1 E5 11
PY  f168 ev[0] ch1=11 06 EC 1B 01 01 11 01 B1 00 55 17 61 19 70 00 01 1E E7 00
     stream@1961 F8 11 80 E4 81 C1 E5 11
PY  f169 ev[0] ch1=11 06 EC 1B 01 01 11 01 B1 00 55 17 61 19 70 00 01 1E E7 00
     stream@1961 F8 11 80 E4 81 C1 E5 11
PY  f170 ev[0] ch1=11 05 EC 1B 01 01 11 01 B1 00 55 17 61 19 70 00 01 1E E7 00
     stream@1961 F8 11 80 E4 81 C1 E5 11
PY  f171 ev[0] ch1=11 05 EC 1B 01 01 11 01 B1 00 55 17 61 19 70 00 01 1E E7 00
     stream@1961 F8 11 80 E4 81 C1 E5 11
PY  f172 ev[0] ch1=11 05 EC 1B 01 01 11 01 B1 00 55 17 61 19 70 00 01 1E E7 00
     stream@1961 F8 11 80 E4 81 C1 E5 11
PY  f173 ev[0] ch1=11 05 EC 1B 01 01 11 01 B1 00 55 17 61 19 70 00 01 1E E7 00
     stream@1961 F8 11 80 E4 81 C1 E5 11
PY  f174 ev[0] ch1=11 05 EC 1B 01 01 11 01 B1 00 55 17 61 19 70 00 01 1E E7 00
     stream@1961 F8 11 80 E4 81 C1 E5 11
PY  f175 ev[14] ch1=11 04 EC 1B 01 01 11 01 B1 00 55 17 61 19 70 00 01 1E E7 00
     stream@1961 F8 11 80 E4 81 C1 E5 11
PY  f176 ev[0] ch1=11 04 EC 1B 01 01 11 01 B1 00 55 17 61 19 70 00 01 1E E7 00
     stream@1961 F8 11 80 E4 81 C1 E5 11
PY  f177 ev[0] ch1=11 04 EC 1B 01 01 11 01 B1 00 55 17 61 19 70 00 01 1E E7 00
     stream@1961 F8 11 80 E4 81 C1 E5 11
PY  f178 ev[0] ch1=11 04 EC 1B 01 01 11 01 B1 00 55 17 61 19 70 00 01 1E E7 00
     stream@1961 F8 11 80 E4 81 C1 E5 11
PY  f179 ev[0] ch1=11 04 EC 1B 01 01 11 01 B1 00 55 17 61 19 70 00 01 1E E7 00
     stream@1961 F8 11 80 E4 81 C1 E5 11
PY  f180 ev[0] ch1=11 03 EC 1B 01 01 11 01 B1 00 55 17 61 19 70 00 01 1E E7 00
     stream@1961 F8 11 80 E4 81 C1 E5 11
PY  f181 ev[0] ch1=11 03 EC 1B 01 01 11 01 B1 00 55 17 61 19 70 00 01 1E E7 00
     stream@1961 F8 11 80 E4 81 C1 E5 11
PY  f182 ev[0] ch1=11 03 EC 1B 01 01 11 01 B1 00 55 17 61 19 70 00 01 1E E7 00
     stream@1961 F8 11 80 E4 81 C1 E5 11
PY  f183 ev[0] ch1=11 03 EC 1B 01 01 11 01 B1 00 55 17 61 19 70 00 01 1E E7 00
     stream@1961 F8 11 80 E4 81 C1 E5 11
PY  f184 ev[0] ch1=11 03 EC 1B 01 01 11 01 B1 00 55 17 61 19 70 00 01 1E E7 00
     stream@1961 F8 11 80 E4 81 C1 E5 11
PY  f185 ev[0] ch1=11 02 EC 1B 01 01 11 01 B1 00 55 17 61 19 70 00 01 1E E7 00
     stream@1961 F8 11 80 E4 81 C1 E5 11
PY  f186 ev[0] ch1=11 02 EC 1B 01 01 11 01 B1 00 55 17 61 19 70 00 01 1E E7 00
     stream@1961 F8 11 80 E4 81 C1 E5 11
PY  f187 ev[0] ch1=11 02 EC 1B 01 01 11 01 B1 00 55 17 61 19 70 00 01 1E E7 00
     stream@1961 F8 11 80 E4 81 C1 E5 11
PY  f188 ev[0] ch1=11 02 EC 1B 01 01 11 01 B1 00 55 17 61 19 70 00 01 1E E7 00
     stream@1961 F8 11 80 E4 81 C1 E5 11
PY  f189 ev[0] ch1=11 02 EC 1B 01 01 11 01 B1 00 55 17 61 19 70 00 01 1E E7 00
     stream@1961 F8 11 80 E4 81 C1 E5 11
PY  f190 ev[14] ch1=11 01 EC 1B 01 01 11 01 B1 00 55 17 61 19 70 00 01 1E E7 00
     stream@1961 F8 11 80 E4 81 C1 E5 11
PY  f191 ev[0] ch1=11 01 EC 1B 01 01 11 01 B1 00 55 17 61 19 70 00 01 1E E7 00
     stream@1961 F8 11 80 E4 81 C1 E5 11
PY  f192 ev[0] ch1=11 01 EC 1B 01 01 11 01 B1 00 55 17 61 19 70 00 01 1E E7 00
     stream@1961 F8 11 80 E4 81 C1 E5 11
PY  f193 ev[0] ch1=11 01 EC 1B 01 01 11 01 B1 00 55 17 61 19 70 00 01 1E E7 00
     stream@1961 F8 11 80 E4 81 C1 E5 11
PY  f194 ev[0] ch1=11 01 EC 1B 01 01 11 01 B1 00 55 17 61 19 70 00 01 1E E7 00
     stream@1961 F8 11 80 E4 81 C1 E5 11
PY  f195 ev[3] ch1=11 19 EC 1B 01 01 11 01 B1 00 55 17 63 19 70 00 01 19 E7 00
     stream@1963 80 E4 81 C1 E5 11 C2 F7
PY  f196 ev[0] ch1=11 19 EC 1B 01 01 11 01 B1 00 55 17 63 19 70 00 01 19 E7 00
     stream@1963 80 E4 81 C1 E5 11 C2 F7
PY  f197 ev[0] ch1=11 19 EC 1B 01 01 11 01 B1 00 55 17 63 19 70 00 01 19 E7 00
     stream@1963 80 E4 81 C1 E5 11 C2 F7
PY  f198 ev[0] ch1=11 19 EC 1B 01 01 11 01 B1 00 55 17 63 19 70 00 01 19 E7 00
     stream@1963 80 E4 81 C1 E5 11 C2 F7
PY  f199 ev[0] ch1=11 19 EC 1B 01 01 11 01 B1 00 55 17 63 19 70 00 01 19 E7 00
     stream@1963 80 E4 81 C1 E5 11 C2 F7
