tune hdr 0B96: 37 53 00 44 8C 02 07 04
tune tbl 0B9E: 38 00 52 00 6C 00 86 00 D7 00 02 01 02 01 39 01 39 01 70 01 70 01 A0 00 A0 00 39 01 39 01 00 00 38 00 E9 01 28 02 28 02 33 02 33 02 33 02 33 02 A7 01 A7 01 33 02 33 02 00 00 52 00 47 02 4C 02 4C 02 57 02 57 02 7E 02 7E 02 3D 02 3D 02 57 02 57 02 00 00 6C 00 71 49 71 49 71 49 38 02 38 02 38 02
f00 L=0BA8 P=0C48
f02 L=0BA8 P=0C48
f04 L=0BA8 P=0C48
f06 L=0BA8 P=0C48
f08 L=0BA8 P=0C49
f10 L=0BA8 P=0C49
f12 L=0BA8 P=0C49
f14 L=0BA8 P=0C4B
f16 L=0BA8 P=0C4B
f18 L=0BA8 P=0C4B
f20 L=0BA8 P=0C4B
f22 L=0BA8 P=0C4B
f24 L=0BA8 P=0C4B
f26 L=0BA8 P=0C4B
f28 L=0BA8 P=0C4B
f30 L=0BA8 P=0C4B
f32 L=0BA8 P=0C4B
f34 L=0BA8 P=0C4B
f36 L=0BA8 P=0C4B
f38 L=0BA8 P=0C4B
f40 L=0BA8 P=0C4B
f42 L=0BA8 P=0C4B
ch0 struct: 23 04 1A 0E 03 00 10 00 B0 02 A8 0B 4B 0C 7F 00 01 08 E0 00
num events: 132
B0 events: [(176, 0), (176, 0), (176, 0), (176, 0), (176, 34), (176, 2)]
