f000 L=0BA8 P=0C48
f002 L=0BA8 P=0C48
f004 L=0BA8 P=0C48
f006 L=0BA8 P=0C48
f008 L=0BA8 P=0C49
f010 L=0BA8 P=0C49
f012 L=0BA8 P=0C49
f014 L=0BA8 P=0C4B
f016 L=0BA8 P=0C4B
f018 L=0BA8 P=0C4B
f020 L=0BA8 P=0C4B
f022 L=0BA8 P=0C4B
f024 L=0BA8 P=0C4B
f026 L=0BA8 P=0C4B
f028 L=0BA8 P=0C4B
f030 L=0BA8 P=0C4B
f032 L=0BA8 P=0C4B
f034 L=0BA8 P=0C4B
f036 L=0BA8 P=0C4B
f038 L=0BA8 P=0C4B
f040 L=0BA8 P=0C4B
f042 L=0BA8 P=0C4B
f044 L=0BA8 P=0C4B
f046 L=0BA8 P=0C4B
f048 L=0BA8 P=0C4B
f050 L=0BA8 P=0C4B
f052 L=0BA8 P=0C4B
f054 L=0BA8 P=0C4B
f056 L=0BA8 P=0C4B
f058 L=0BA8 P=0C4B
f060 L=0BA8 P=0C4B
  f061 B0=00
  f061 80=0F
  f061 8B=0F
  f061 B0=00
  f061 81=0F
  f061 8C=0F
  f061 B1=00
  f061 82=0F
  f061 8D=0F
  f061 B2=00
  f061 83=0F
  f061 90=0F
  f061 B3=00
  f061 84=0F
  f061 91=0F
  f061 B4=00
  f061 85=0F
  f061 92=0F
  f061 B5=00
  f061 88=0F
  f061 93=0F
  f061 B6=00
  f061 89=0F
  f061 94=0F
  f061 B7=00
  f061 8A=0F
  f061 95=0F
  f061 B8=00
  f061 B0=00
  f061 B1=00
  f061 B2=00
  f061 B3=00
  f061 B4=00
  f061 B5=00
  f061 B6=00
  f061 B7=00
  f061 B8=00
  f061 01=20
  f061 BD=C0
  f061 08=00
  f061 04=21
  f061 60=E4
  f061 63=F5
  f061 80=06
  f061 83=07
  f061 E0=02
  f061 E3=00
  f061 C0=0F
  f061 20=00
  f061 23=06
  f061 40=00
  f061 43=00
  f061 B0=00
  f061 A0=05
  f061 B0=22
  f061 61=B9
  f061 64=E9
  f061 81=04
  f061 84=06
  f061 E1=03
  f061 E4=03
  f061 C1=06
  f061 21=41
  f061 24=43
  f061 41=06
  f061 44=06
  f061 B1=00
  f061 A1=23
  f061 B1=26
  f061 62=39
  f061 65=59
  f061 82=01
  f061 85=03
  f061 E2=03
  f061 E5=03
  f061 C2=06
  f061 22=41
  f061 25=43
  f061 42=01
  f061 45=01
  f061 B2=00
  f061 A2=05
  f061 B2=22
  f061 B3=00
  f061 B0=02
  f061 A0=05
  f061 B0=22
  f061 B0=02
  f061 A0=05
  f061 B0=22
  f061 61=B9
  f061 64=E9
  f061 81=04
  f061 84=06
  f061 E1=03
  f061 E4=03
  f061 C1=06
  f061 21=41
  f061 24=43
  f061 41=06
  f061 44=06
  f061 B1=06
  f061 A1=23
  f061 B1=26
  f061 61=B9
  f061 64=E9
  f061 81=03
  f061 84=05
  f061 E1=03
  f061 E4=03
  f061 C1=06
  f061 21=41
  f061 24=43
  f061 41=00
  f061 44=00
  f061 B1=06
  f061 A1=23
  f061 B1=26
  f061 61=B9
  f061 64=E9
  f061 81=04
  f061 84=06
  f061 E1=03
  f061 E4=03
  f061 C1=06
  f061 21=41
  f061 24=43
  f061 41=06
  f061 44=06
  f061 B1=06
  f061 A1=23
  f061 B1=26
  f061 61=B9
  f061 64=E9
  f061 81=04
  f061 84=06
  f061 E1=03
  f061 E4=03
  f061 C1=06
  f061 21=41
  f061 24=43
  f061 41=06
  f061 44=06
  f061 B1=06
  f061 A1=23
  f061 B1=26
f062 L=0BA8 P=0C4B
f064 L=0BA8 P=0C4B
f066 L=0BA8 P=0C4B
f068 L=0BA8 P=0C4B
f070 L=0BA8 P=0C4D
  f070 B0=02
  f070 A0=05
  f070 B0=22
  f070 B1=06
  f070 A1=23
  f070 B1=26
f072 L=0BA8 P=0C4D
f074 L=0BA8 P=0C4D
f076 L=0BA8 P=0C4D
  f077 B0=02
  f077 A0=05
  f077 B0=22
f078 L=0BA8 P=0C4E
f080 L=0BA8 P=0C4E
f082 L=0BA8 P=0C4E
f084 L=0BA8 P=0C50
  f084 B0=02
  f084 A0=05
  f084 B0=22
  f084 61=B9
  f084 64=E9
  f084 81=03
  f084 84=05
  f084 E1=03
  f084 E4=03
  f084 C1=06
  f084 21=41
  f084 24=43
  f084 41=00
  f084 44=00
  f084 B1=06
  f084 A1=23
  f084 B1=26
f086 L=0BA8 P=0C50
f088 L=0BA8 P=0C50
f090 L=0BA8 P=0C50
f092 L=0BA8 P=0C50
f094 L=0BA8 P=0C50
f096 L=0BA8 P=0C50
f098 L=0BA8 P=0C52
  f098 B0=02
  f098 A0=05
  f098 B0=22
  f098 61=B9
  f098 64=E9
  f098 81=04
  f098 84=06
  f098 E1=03
  f098 E4=03
  f098 C1=06
  f098 21=41
  f098 24=43
  f098 41=06
  f098 44=06
  f098 B1=06
  f098 A1=23
  f098 B1=26
